#
# There is insufficient memory for the Java Runtime Environment to continue.
# Native memory allocation (malloc) failed to allocate 3050136 bytes. Error detail: Chunk::new
# Possible reasons:
#   The system is out of physical RAM or swap space
#   This process is running with CompressedOops enabled, and the Java Heap may be blocking the growth of the native heap
# Possible solutions:
#   Reduce memory load on the system
#   Increase physical memory or swap space
#   Check if swap backing store is full
#   Decrease Java heap size (-Xmx/-Xms)
#   Decrease number of Java threads
#   Decrease Java thread stack sizes (-Xss)
#   Set larger code cache with -XX:ReservedCodeCacheSize=
#   JVM is running with Unscaled Compressed Oops mode in which the Java heap is
#     placed in the first 4GB address space. The Java Heap base address is the
#     maximum limit for the native heap growth. Please use -XX:HeapBaseMinAddress
#     to set the Java Heap base and to place the Java Heap above 4GB virtual address.
# This output file may be truncated or incomplete.
#
#  Out of Memory Error (arena.cpp:186), pid=22128, tid=22296
#
# JRE version: Java(TM) SE Runtime Environment (25.0.2+10) (build 25.0.2+10-LTS-69)
# Java VM: Java HotSpot(TM) 64-Bit Server VM (25.0.2+10-LTS-69, mixed mode, sharing, tiered, compressed oops, compressed class ptrs, g1 gc, windows-amd64)
# No core dump will be written. Minidumps are not enabled by default on client versions of Windows
#

---------------  S U M M A R Y ------------

Command Line: --add-opens=java.base/java.util=ALL-UNNAMED --add-opens=java.base/java.lang=ALL-UNNAMED --add-opens=java.base/java.lang.invoke=ALL-UNNAMED --add-opens=java.prefs/java.util.prefs=ALL-UNNAMED --add-exports=jdk.compiler/com.sun.tools.javac.api=ALL-UNNAMED --add-exports=jdk.compiler/com.sun.tools.javac.util=ALL-UNNAMED --add-opens=java.base/java.nio.charset=ALL-UNNAMED --add-opens=java.base/java.net=ALL-UNNAMED --add-opens=java.base/java.util.concurrent.atomic=ALL-UNNAMED -XX:MaxMetaspaceSize=384m -XX:+HeapDumpOnOutOfMemoryError -Xms256m -Xmx512m -Dfile.encoding=utf8 -Duser.country=US -Duser.language=en -Duser.variant -javaagent:C:\Users\LIZBETH\.gradle\wrapper\dists\gradle-8.9-bin\90cnw93cvbtalezasaz0blq0a\gradle-8.9\lib\agents\gradle-instrumentation-agent-8.9.jar org.gradle.launcher.daemon.bootstrap.GradleDaemon 8.9

Host: Intel(R) Core(TM) i3-8145U CPU @ 2.10GHz, 4 cores, 7G,  Windows 11 , 64 bit Build 26100 (10.0.26100.8875)
Time: Sat Jul 18 19:42:22 2026 E. Africa Standard Time elapsed time: 41.910251 seconds (0d 0h 0m 41s)

---------------  T H R E A D  ---------------

Current thread (0x000001fbbbbc1da0):  JavaThread "C2 CompilerThread0" daemon [_thread_in_native, id=22296, stack(0x0000004e28e00000,0x0000004e28f00000) (1024K)]


Current CompileTask:
C2:41910 5533  s    4       java.util.jar.JarFile::getInputStream (88 bytes)

Stack: [0x0000004e28e00000,0x0000004e28f00000]
Native frames: (J=compiled Java code, j=interpreted, Vv=VM code, C=native code)
V  [jvm.dll+0x7a70f9]  (no source info available)
V  [jvm.dll+0x772d6d]  (no source info available)
V  [jvm.dll+0x965d53]  (no source info available)
V  [jvm.dll+0x968351]  (no source info available)
V  [jvm.dll+0x968a63]  (no source info available)
V  [jvm.dll+0x2fc846]  (no source info available)
V  [jvm.dll+0x111b16]  (no source info available)
V  [jvm.dll+0x111e3e]  (no source info available)
V  [jvm.dll+0x1a0872]  (no source info available)
V  [jvm.dll+0x3b54c2]  (no source info available)
V  [jvm.dll+0x7aca8f]  (no source info available)
V  [jvm.dll+0x2c0b97]  (no source info available)
V  [jvm.dll+0x2bfb5f]  (no source info available)
V  [jvm.dll+0x2379a0]  (no source info available)
V  [jvm.dll+0x2cfc86]  (no source info available)
V  [jvm.dll+0x2cdf05]  (no source info available)
V  [jvm.dll+0x48e9d1]  (no source info available)
V  [jvm.dll+0x906fcd]  (no source info available)
V  [jvm.dll+0x7a56d5]  (no source info available)
C  [ucrtbase.dll+0x2cd30]  (no source info available)
C  [KERNEL32.DLL+0x2e957]  (no source info available)
C  [ntdll.dll+0xaad6c]  (no source info available)

Lock stack of current Java thread (top to bottom):


---------------  P R O C E S S  ---------------

Threads class SMR info:
_java_thread_list=0x000001fbc1ac5750, length=37, elements={
0x000001fba13d9330, 0x000001fba14894c0, 0x000001fba148d020, 0x000001fbbbbbdf60,
0x000001fbbbbbf730, 0x000001fbbbbc02f0, 0x000001fbbbbc0eb0, 0x000001fbbbbc1da0,
0x000001fbbbbcc260, 0x000001fbc00c9550, 0x000001fbc01b6400, 0x000001fbc180f410,
0x000001fbc01121d0, 0x000001fbc0e5ba90, 0x000001fbc0ea6710, 0x000001fbc1972fa0,
0x000001fbc196d6f0, 0x000001fbc196e690, 0x000001fbc196afe0, 0x000001fbc196f630,
0x000001fbc196c750, 0x000001fbc19705d0, 0x000001fbc1971d40, 0x000001fbc1bc6d50,
0x000001fbc1bc9460, 0x000001fbc1bc4e10, 0x000001fbc1bc8c90, 0x000001fbc1bc9c30,
0x000001fbc1bcbb70, 0x000001fbc1bcc340, 0x000001fbc1bcabd0, 0x000001fbc212b1f0,
0x000001fbc212d130, 0x000001fbc212a250, 0x000001fbc212aa20, 0x000001fbc212e8a0,
0x000001fbc212f070
}

Java Threads: ( => current thread )
  0x000001fba13d9330 JavaThread "main"                              [_thread_blocked, id=22204, stack(0x0000004e28000000,0x0000004e28100000) (1024K)]
  0x000001fba14894c0 JavaThread "Reference Handler"          daemon [_thread_blocked, id=22272, stack(0x0000004e28800000,0x0000004e28900000) (1024K)]
  0x000001fba148d020 JavaThread "Finalizer"                  daemon [_thread_blocked, id=22276, stack(0x0000004e28900000,0x0000004e28a00000) (1024K)]
  0x000001fbbbbbdf60 JavaThread "Signal Dispatcher"          daemon [_thread_blocked, id=22280, stack(0x0000004e28a00000,0x0000004e28b00000) (1024K)]
  0x000001fbbbbbf730 JavaThread "Attach Listener"            daemon [_thread_blocked, id=22284, stack(0x0000004e28b00000,0x0000004e28c00000) (1024K)]
  0x000001fbbbbc02f0 JavaThread "Service Thread"             daemon [_thread_blocked, id=22288, stack(0x0000004e28c00000,0x0000004e28d00000) (1024K)]
  0x000001fbbbbc0eb0 JavaThread "Monitor Deflation Thread"   daemon [_thread_blocked, id=22292, stack(0x0000004e28d00000,0x0000004e28e00000) (1024K)]
=>0x000001fbbbbc1da0 JavaThread "C2 CompilerThread0"         daemon [_thread_in_native, id=22296, stack(0x0000004e28e00000,0x0000004e28f00000) (1024K)]
  0x000001fbbbbcc260 JavaThread "C1 CompilerThread0"         daemon [_thread_blocked, id=22304, stack(0x0000004e28f00000,0x0000004e29000000) (1024K)]
  0x000001fbc00c9550 JavaThread "Common-Cleaner"             daemon [_thread_blocked, id=22332, stack(0x0000004e29000000,0x0000004e29100000) (1024K)]
  0x000001fbc01b6400 JavaThread "Notification Thread"        daemon [_thread_blocked, id=22344, stack(0x0000004e29100000,0x0000004e29200000) (1024K)]
  0x000001fbc180f410 JavaThread "Daemon health stats"               [_thread_blocked, id=7296, stack(0x0000004e29500000,0x0000004e29600000) (1024K)]
  0x000001fbc01121d0 JavaThread "Incoming local TCP Connector on port 60342"        [_thread_in_native, id=22088, stack(0x0000004e29600000,0x0000004e29700000) (1024K)]
  0x000001fbc0e5ba90 JavaThread "Daemon periodic checks"            [_thread_blocked, id=3796, stack(0x0000004e29700000,0x0000004e29800000) (1024K)]
  0x000001fbc0ea6710 JavaThread "Daemon"                            [_thread_blocked, id=11664, stack(0x0000004e29800000,0x0000004e29900000) (1024K)]
  0x000001fbc1972fa0 JavaThread "Handler for socket connection from /127.0.0.1:60342 to /127.0.0.1:60344"        [_thread_in_native, id=3792, stack(0x0000004e29900000,0x0000004e29a00000) (1024K)]
  0x000001fbc196d6f0 JavaThread "Cancel handler"                    [_thread_blocked, id=1200, stack(0x0000004e29a00000,0x0000004e29b00000) (1024K)]
  0x000001fbc196e690 JavaThread "Daemon worker"                     [_thread_in_native, id=10444, stack(0x0000004e29b00000,0x0000004e29c00000) (1024K)]
  0x000001fbc196afe0 JavaThread "Asynchronous log dispatcher for DefaultDaemonConnection: socket connection from /127.0.0.1:60342 to /127.0.0.1:60344"        [_thread_blocked, id=6296, stack(0x0000004e29c00000,0x0000004e29d00000) (1024K)]
  0x000001fbc196f630 JavaThread "Stdin handler"                     [_thread_blocked, id=17416, stack(0x0000004e29d00000,0x0000004e29e00000) (1024K)]
  0x000001fbc196c750 JavaThread "Daemon client event forwarder"        [_thread_blocked, id=17092, stack(0x0000004e29e00000,0x0000004e29f00000) (1024K)]
  0x000001fbc19705d0 JavaThread "Cache worker for journal cache (C:\Users\LIZBETH\.gradle\caches\journal-1)"        [_thread_blocked, id=19448, stack(0x0000004e29f00000,0x0000004e2a000000) (1024K)]
  0x000001fbc1971d40 JavaThread "File lock request listener"        [_thread_in_native, id=8336, stack(0x0000004e2a000000,0x0000004e2a100000) (1024K)]
  0x000001fbc1bc6d50 JavaThread "Cache worker for file hash cache (C:\Users\LIZBETH\.gradle\caches\8.9\fileHashes)"        [_thread_blocked, id=10868, stack(0x0000004e2a100000,0x0000004e2a200000) (1024K)]
  0x000001fbc1bc9460 JavaThread "File lock release action executor"        [_thread_blocked, id=10244, stack(0x0000004e2a300000,0x0000004e2a400000) (1024K)]
  0x000001fbc1bc4e10 JavaThread "Cache worker for file hash cache (D:\TENNIS SUITE\watch-app\.gradle\8.9\fileHashes)"        [_thread_blocked, id=9360, stack(0x0000004e2a200000,0x0000004e2a300000) (1024K)]
  0x000001fbc1bc8c90 JavaThread "Cache worker for Build Output Cleanup Cache (D:\TENNIS SUITE\watch-app\.gradle\buildOutputCleanup)"        [_thread_blocked, id=11768, stack(0x0000004e2a400000,0x0000004e2a500000) (1024K)]
  0x000001fbc1bc9c30 JavaThread "File watcher server"        daemon [_thread_in_native, id=21532, stack(0x0000004e2a500000,0x0000004e2a600000) (1024K)]
  0x000001fbc1bcbb70 JavaThread "File watcher consumer"      daemon [_thread_blocked, id=4280, stack(0x0000004e2a600000,0x0000004e2a700000) (1024K)]
  0x000001fbc1bcc340 JavaThread "jar transforms"                    [_thread_blocked, id=21588, stack(0x0000004e2a700000,0x0000004e2a800000) (1024K)]
  0x000001fbc1bcabd0 JavaThread "jar transforms Thread 2"           [_thread_blocked, id=20796, stack(0x0000004e2a800000,0x0000004e2a900000) (1024K)]
  0x000001fbc212b1f0 JavaThread "jar transforms Thread 3"           [_thread_blocked, id=12808, stack(0x0000004e2a900000,0x0000004e2aa00000) (1024K)]
  0x000001fbc212d130 JavaThread "Cache worker for checksums cache (D:\TENNIS SUITE\watch-app\.gradle\8.9\checksums)"        [_thread_blocked, id=21700, stack(0x0000004e2aa00000,0x0000004e2ab00000) (1024K)]
  0x000001fbc212a250 JavaThread "Cache worker for file content cache (C:\Users\LIZBETH\.gradle\caches\8.9\fileContent)"        [_thread_blocked, id=15748, stack(0x0000004e2ab00000,0x0000004e2ac00000) (1024K)]
  0x000001fbc212aa20 JavaThread "Cache worker for cache directory md-rule (C:\Users\LIZBETH\.gradle\caches\8.9\md-rule)"        [_thread_blocked, id=19300, stack(0x0000004e2ac00000,0x0000004e2ad00000) (1024K)]
  0x000001fbc212e8a0 JavaThread "Cache worker for cache directory md-supplier (C:\Users\LIZBETH\.gradle\caches\8.9\md-supplier)"        [_thread_blocked, id=7400, stack(0x0000004e2ad00000,0x0000004e2ae00000) (1024K)]
  0x000001fbc212f070 JavaThread "jar transforms Thread 4"           [_thread_blocked, id=20964, stack(0x0000004e2ae00000,0x0000004e2af00000) (1024K)]
Total: 37

Other Threads:
  0x000001fba1473b40 VMThread "VM Thread"                           [id=22260, stack(0x0000004e28700000,0x0000004e28800000) (1024K)]
  0x000001fba14602d0 WatcherThread "VM Periodic Task Thread"        [id=22256, stack(0x0000004e28600000,0x0000004e28700000) (1024K)]
  0x000001fba1405420 WorkerThread "GC Thread#0"                     [id=22220, stack(0x0000004e28100000,0x0000004e28200000) (1024K)]
  0x000001fbc088cd90 WorkerThread "GC Thread#1"                     [id=17388, stack(0x0000004e29200000,0x0000004e29300000) (1024K)]
  0x000001fbc088d1c0 WorkerThread "GC Thread#2"                     [id=13344, stack(0x0000004e29300000,0x0000004e29400000) (1024K)]
  0x000001fbc0f42ed0 WorkerThread "GC Thread#3"                     [id=3840, stack(0x0000004e29400000,0x0000004e29500000) (1024K)]
  0x000001fba140d500 ConcurrentGCThread "G1 Main Marker"            [id=22224, stack(0x0000004e28200000,0x0000004e28300000) (1024K)]
  0x000001fba140e0a0 WorkerThread "G1 Conc#0"                       [id=22228, stack(0x0000004e28300000,0x0000004e28400000) (1024K)]
  0x000001fba1453460 ConcurrentGCThread "G1 Refine#0"               [id=22232, stack(0x0000004e28400000,0x0000004e28500000) (1024K)]
  0x000001fba1453e70 ConcurrentGCThread "G1 Service"                [id=22236, stack(0x0000004e28500000,0x0000004e28600000) (1024K)]
Total: 10

Threads with active compile tasks:
C2 CompilerThread0  42309 5533  s    4       java.util.jar.JarFile::getInputStream (88 bytes)
Total: 1

VM state: not at safepoint (normal execution)

VM Mutex/Monitor currently owned by a thread: None

Heap address: 0x00000000e0000000, size: 512 MB, Compressed Oops mode: 32-bit

CDS archive(s) mapped at: [0x0000000025000000-0x0000000025dd0000-0x0000000025dd0000), size 14483456, SharedBaseAddress: 0x0000000025000000, ArchiveRelocationMode: 1.
Compressed class space mapped at: 0x0000000026000000-0x000000003a000000, reserved size: 335544320
UseCompressedClassPointers 1, UseCompactObjectHeaders 0
Narrow klass pointer bits 32, Max shift 3
Narrow klass base: 0x0000000025000000, Narrow klass shift: 0
Encoding Range: [0x0000000025000000 - 0x0000000125000000), (4294967296 bytes)
Klass Range:    [0x0000000025010000 - 0x000000003a000000), (352256000 bytes)
Klass ID Range:  [65536 - 352321529) (352255993)
Protection zone: [0x0000000025000000 - 0x0000000025010000), (65536 bytes)

GC Precious Log:
 CardTable entry size: 512
 Card Set container configuration: InlinePtr #cards 5 size 8 Array Of Cards #cards 10 size 36 Howl #buckets 4 coarsen threshold 1843 Howl Bitmap #cards 512 size 80 coarsen threshold 460 Card regions per heap region 1 cards per card region 2048
 CPUs: 4 total, 4 available
 Memory: 8013M
 Large Page Support: Disabled
 NUMA Support: Disabled
 Compressed Oops: Enabled (32-bit)
 Heap Region Size: 1M
 Heap Min Capacity: 256M
 Heap Initial Capacity: 256M
 Heap Max Capacity: 512M
 Pre-touch: Disabled
 Parallel Workers: 4
 Concurrent Workers: 1
 Concurrent Refinement Workers: 4
 Periodic GC: Disabled

Heap:
 garbage-first heap   total reserved 524288K, committed 262144K, used 160427K [0x00000000e0000000, 0x0000000100000000)
  region size 1024K, 129 young (132096K), 11 survivors (11264K)

Heap Regions: E=young(eden), S=young(survivor), O=old, HS=humongous(starts), HC=humongous(continues), CS=collection set, F=free, TAMS=top-at-mark-start, PB=parsable bottom
|   0|0x00000000e0000000, 0x00000000e0100000, 0x00000000e0100000|100%|HS|  |TAMS 0x00000000e0000000| PB 0x00000000e0000000| Complete |  0
|   1|0x00000000e0100000, 0x00000000e0200000, 0x00000000e0200000|100%|HC|  |TAMS 0x00000000e0100000| PB 0x00000000e0100000| Complete |  0
|   2|0x00000000e0200000, 0x00000000e0300000, 0x00000000e0300000|100%|HC|  |TAMS 0x00000000e0200000| PB 0x00000000e0200000| Complete |  0
|   3|0x00000000e0300000, 0x00000000e0400000, 0x00000000e0400000|100%|HC|  |TAMS 0x00000000e0300000| PB 0x00000000e0300000| Complete |  0
|   4|0x00000000e0400000, 0x00000000e0500000, 0x00000000e0500000|100%| O|Cm|TAMS 0x00000000e0400000| PB 0x00000000e0400000| Complete |  0
|   5|0x00000000e0500000, 0x00000000e0600000, 0x00000000e0600000|100%| O|  |TAMS 0x00000000e0500000| PB 0x00000000e0500000| Untracked |  0
|   6|0x00000000e0600000, 0x00000000e0700000, 0x00000000e0700000|100%| O|  |TAMS 0x00000000e0600000| PB 0x00000000e0600000| Untracked |  0
|   7|0x00000000e0700000, 0x00000000e0800000, 0x00000000e0800000|100%| O|  |TAMS 0x00000000e0700000| PB 0x00000000e0700000| Untracked |  0
|   8|0x00000000e0800000, 0x00000000e0900000, 0x00000000e0900000|100%|HS|  |TAMS 0x00000000e0800000| PB 0x00000000e0800000| Complete |  0
|   9|0x00000000e0900000, 0x00000000e0a00000, 0x00000000e0a00000|100%| O|  |TAMS 0x00000000e0900000| PB 0x00000000e0900000| Untracked |  0
|  10|0x00000000e0a00000, 0x00000000e0b00000, 0x00000000e0b00000|100%| O|  |TAMS 0x00000000e0a00000| PB 0x00000000e0a00000| Untracked |  0
|  11|0x00000000e0b00000, 0x00000000e0bdbc88, 0x00000000e0c00000| 85%| O|  |TAMS 0x00000000e0b00000| PB 0x00000000e0b00000| Untracked |  0
|  12|0x00000000e0c00000, 0x00000000e0d00000, 0x00000000e0d00000|100%| O|  |TAMS 0x00000000e0c00000| PB 0x00000000e0c00000| Untracked |  0
|  13|0x00000000e0d00000, 0x00000000e0e00000, 0x00000000e0e00000|100%| O|  |TAMS 0x00000000e0d00000| PB 0x00000000e0d00000| Untracked |  0
|  14|0x00000000e0e00000, 0x00000000e0f00000, 0x00000000e0f00000|100%| O|  |TAMS 0x00000000e0e00000| PB 0x00000000e0e00000| Untracked |  0
|  15|0x00000000e0f00000, 0x00000000e1000000, 0x00000000e1000000|100%| O|  |TAMS 0x00000000e0f00000| PB 0x00000000e0f00000| Untracked |  0
|  16|0x00000000e1000000, 0x00000000e1100000, 0x00000000e1100000|100%| O|  |TAMS 0x00000000e1000000| PB 0x00000000e1000000| Untracked |  0
|  17|0x00000000e1100000, 0x00000000e1200000, 0x00000000e1200000|100%| O|  |TAMS 0x00000000e1100000| PB 0x00000000e1100000| Untracked |  0
|  18|0x00000000e1200000, 0x00000000e1300000, 0x00000000e1300000|100%| O|  |TAMS 0x00000000e1200000| PB 0x00000000e1200000| Untracked |  0
|  19|0x00000000e1300000, 0x00000000e1400000, 0x00000000e1400000|100%| O|  |TAMS 0x00000000e1300000| PB 0x00000000e1300000| Untracked |  0
|  20|0x00000000e1400000, 0x00000000e1500000, 0x00000000e1500000|100%| O|  |TAMS 0x00000000e1400000| PB 0x00000000e1400000| Untracked |  0
|  21|0x00000000e1500000, 0x00000000e15d0a10, 0x00000000e1600000| 81%| O|  |TAMS 0x00000000e1500000| PB 0x00000000e1500000| Untracked |  0
|  22|0x00000000e1600000, 0x00000000e1700000, 0x00000000e1700000|100%|HS|  |TAMS 0x00000000e1600000| PB 0x00000000e1600000| Complete |  0
|  23|0x00000000e1700000, 0x00000000e1800000, 0x00000000e1800000|100%|HS|  |TAMS 0x00000000e1700000| PB 0x00000000e1700000| Complete |  0
|  24|0x00000000e1800000, 0x00000000e1900000, 0x00000000e1900000|100%|HC|  |TAMS 0x00000000e1800000| PB 0x00000000e1800000| Complete |  0
|  25|0x00000000e1900000, 0x00000000e1a00000, 0x00000000e1a00000|100%|HS|  |TAMS 0x00000000e1900000| PB 0x00000000e1900000| Complete |  0
|  26|0x00000000e1a00000, 0x00000000e1b00000, 0x00000000e1b00000|100%|HC|  |TAMS 0x00000000e1a00000| PB 0x00000000e1a00000| Complete |  0
|  27|0x00000000e1b00000, 0x00000000e1c00000, 0x00000000e1c00000|100%|HS|  |TAMS 0x00000000e1b00000| PB 0x00000000e1b00000| Complete |  0
|  28|0x00000000e1c00000, 0x00000000e1d00000, 0x00000000e1d00000|100%|HS|  |TAMS 0x00000000e1c00000| PB 0x00000000e1c00000| Complete |  0
|  29|0x00000000e1d00000, 0x00000000e1d00000, 0x00000000e1e00000|  0%| F|  |TAMS 0x00000000e1d00000| PB 0x00000000e1d00000| Untracked |  0
|  30|0x00000000e1e00000, 0x00000000e1e00000, 0x00000000e1f00000|  0%| F|  |TAMS 0x00000000e1e00000| PB 0x00000000e1e00000| Untracked |  0
|  31|0x00000000e1f00000, 0x00000000e1f00000, 0x00000000e2000000|  0%| F|  |TAMS 0x00000000e1f00000| PB 0x00000000e1f00000| Untracked |  0
|  32|0x00000000e2000000, 0x00000000e2000000, 0x00000000e2100000|  0%| F|  |TAMS 0x00000000e2000000| PB 0x00000000e2000000| Untracked |  0
|  33|0x00000000e2100000, 0x00000000e2100000, 0x00000000e2200000|  0%| F|  |TAMS 0x00000000e2100000| PB 0x00000000e2100000| Untracked |  0
|  34|0x00000000e2200000, 0x00000000e2200000, 0x00000000e2300000|  0%| F|  |TAMS 0x00000000e2200000| PB 0x00000000e2200000| Untracked |  0
|  35|0x00000000e2300000, 0x00000000e2300000, 0x00000000e2400000|  0%| F|  |TAMS 0x00000000e2300000| PB 0x00000000e2300000| Untracked |  0
|  36|0x00000000e2400000, 0x00000000e2400000, 0x00000000e2500000|  0%| F|  |TAMS 0x00000000e2400000| PB 0x00000000e2400000| Untracked |  0
|  37|0x00000000e2500000, 0x00000000e2500000, 0x00000000e2600000|  0%| F|  |TAMS 0x00000000e2500000| PB 0x00000000e2500000| Untracked |  0
|  38|0x00000000e2600000, 0x00000000e2600000, 0x00000000e2700000|  0%| F|  |TAMS 0x00000000e2600000| PB 0x00000000e2600000| Untracked |  0
|  39|0x00000000e2700000, 0x00000000e2700000, 0x00000000e2800000|  0%| F|  |TAMS 0x00000000e2700000| PB 0x00000000e2700000| Untracked |  0
|  40|0x00000000e2800000, 0x00000000e2800000, 0x00000000e2900000|  0%| F|  |TAMS 0x00000000e2800000| PB 0x00000000e2800000| Untracked |  0
|  41|0x00000000e2900000, 0x00000000e2900000, 0x00000000e2a00000|  0%| F|  |TAMS 0x00000000e2900000| PB 0x00000000e2900000| Untracked |  0
|  42|0x00000000e2a00000, 0x00000000e2a00000, 0x00000000e2b00000|  0%| F|  |TAMS 0x00000000e2a00000| PB 0x00000000e2a00000| Untracked |  0
|  43|0x00000000e2b00000, 0x00000000e2b00000, 0x00000000e2c00000|  0%| F|  |TAMS 0x00000000e2b00000| PB 0x00000000e2b00000| Untracked |  0
|  44|0x00000000e2c00000, 0x00000000e2c00000, 0x00000000e2d00000|  0%| F|  |TAMS 0x00000000e2c00000| PB 0x00000000e2c00000| Untracked |  0
|  45|0x00000000e2d00000, 0x00000000e2d00000, 0x00000000e2e00000|  0%| F|  |TAMS 0x00000000e2d00000| PB 0x00000000e2d00000| Untracked |  0
|  46|0x00000000e2e00000, 0x00000000e2e00000, 0x00000000e2f00000|  0%| F|  |TAMS 0x00000000e2e00000| PB 0x00000000e2e00000| Untracked |  0
|  47|0x00000000e2f00000, 0x00000000e2f00000, 0x00000000e3000000|  0%| F|  |TAMS 0x00000000e2f00000| PB 0x00000000e2f00000| Untracked |  0
|  48|0x00000000e3000000, 0x00000000e3000000, 0x00000000e3100000|  0%| F|  |TAMS 0x00000000e3000000| PB 0x00000000e3000000| Untracked |  0
|  49|0x00000000e3100000, 0x00000000e3100000, 0x00000000e3200000|  0%| F|  |TAMS 0x00000000e3100000| PB 0x00000000e3100000| Untracked |  0
|  50|0x00000000e3200000, 0x00000000e3200000, 0x00000000e3300000|  0%| F|  |TAMS 0x00000000e3200000| PB 0x00000000e3200000| Untracked |  0
|  51|0x00000000e3300000, 0x00000000e3300000, 0x00000000e3400000|  0%| F|  |TAMS 0x00000000e3300000| PB 0x00000000e3300000| Untracked |  0
|  52|0x00000000e3400000, 0x00000000e3400000, 0x00000000e3500000|  0%| F|  |TAMS 0x00000000e3400000| PB 0x00000000e3400000| Untracked |  0
|  53|0x00000000e3500000, 0x00000000e3500000, 0x00000000e3600000|  0%| F|  |TAMS 0x00000000e3500000| PB 0x00000000e3500000| Untracked |  0
|  54|0x00000000e3600000, 0x00000000e3600000, 0x00000000e3700000|  0%| F|  |TAMS 0x00000000e3600000| PB 0x00000000e3600000| Untracked |  0
|  55|0x00000000e3700000, 0x00000000e3700000, 0x00000000e3800000|  0%| F|  |TAMS 0x00000000e3700000| PB 0x00000000e3700000| Untracked |  0
|  56|0x00000000e3800000, 0x00000000e3800000, 0x00000000e3900000|  0%| F|  |TAMS 0x00000000e3800000| PB 0x00000000e3800000| Untracked |  0
|  57|0x00000000e3900000, 0x00000000e3900000, 0x00000000e3a00000|  0%| F|  |TAMS 0x00000000e3900000| PB 0x00000000e3900000| Untracked |  0
|  58|0x00000000e3a00000, 0x00000000e3a00000, 0x00000000e3b00000|  0%| F|  |TAMS 0x00000000e3a00000| PB 0x00000000e3a00000| Untracked |  0
|  59|0x00000000e3b00000, 0x00000000e3b00000, 0x00000000e3c00000|  0%| F|  |TAMS 0x00000000e3b00000| PB 0x00000000e3b00000| Untracked |  0
|  60|0x00000000e3c00000, 0x00000000e3c00000, 0x00000000e3d00000|  0%| F|  |TAMS 0x00000000e3c00000| PB 0x00000000e3c00000| Untracked |  0
|  61|0x00000000e3d00000, 0x00000000e3d00000, 0x00000000e3e00000|  0%| F|  |TAMS 0x00000000e3d00000| PB 0x00000000e3d00000| Untracked |  0
|  62|0x00000000e3e00000, 0x00000000e3e00000, 0x00000000e3f00000|  0%| F|  |TAMS 0x00000000e3e00000| PB 0x00000000e3e00000| Untracked |  0
|  63|0x00000000e3f00000, 0x00000000e3f00000, 0x00000000e4000000|  0%| F|  |TAMS 0x00000000e3f00000| PB 0x00000000e3f00000| Untracked |  0
|  64|0x00000000e4000000, 0x00000000e4000000, 0x00000000e4100000|  0%| F|  |TAMS 0x00000000e4000000| PB 0x00000000e4000000| Untracked |  0
|  65|0x00000000e4100000, 0x00000000e4100000, 0x00000000e4200000|  0%| F|  |TAMS 0x00000000e4100000| PB 0x00000000e4100000| Untracked |  0
|  66|0x00000000e4200000, 0x00000000e4200000, 0x00000000e4300000|  0%| F|  |TAMS 0x00000000e4200000| PB 0x00000000e4200000| Untracked |  0
|  67|0x00000000e4300000, 0x00000000e4300000, 0x00000000e4400000|  0%| F|  |TAMS 0x00000000e4300000| PB 0x00000000e4300000| Untracked |  0
|  68|0x00000000e4400000, 0x00000000e4400000, 0x00000000e4500000|  0%| F|  |TAMS 0x00000000e4400000| PB 0x00000000e4400000| Untracked |  0
|  69|0x00000000e4500000, 0x00000000e4500000, 0x00000000e4600000|  0%| F|  |TAMS 0x00000000e4500000| PB 0x00000000e4500000| Untracked |  0
|  70|0x00000000e4600000, 0x00000000e4600000, 0x00000000e4700000|  0%| F|  |TAMS 0x00000000e4600000| PB 0x00000000e4600000| Untracked |  0
|  71|0x00000000e4700000, 0x00000000e4700000, 0x00000000e4800000|  0%| F|  |TAMS 0x00000000e4700000| PB 0x00000000e4700000| Untracked |  0
|  72|0x00000000e4800000, 0x00000000e4800000, 0x00000000e4900000|  0%| F|  |TAMS 0x00000000e4800000| PB 0x00000000e4800000| Untracked |  0
|  73|0x00000000e4900000, 0x00000000e4900000, 0x00000000e4a00000|  0%| F|  |TAMS 0x00000000e4900000| PB 0x00000000e4900000| Untracked |  0
|  74|0x00000000e4a00000, 0x00000000e4a00000, 0x00000000e4b00000|  0%| F|  |TAMS 0x00000000e4a00000| PB 0x00000000e4a00000| Untracked |  0
|  75|0x00000000e4b00000, 0x00000000e4b00000, 0x00000000e4c00000|  0%| F|  |TAMS 0x00000000e4b00000| PB 0x00000000e4b00000| Untracked |  0
|  76|0x00000000e4c00000, 0x00000000e4c00000, 0x00000000e4d00000|  0%| F|  |TAMS 0x00000000e4c00000| PB 0x00000000e4c00000| Untracked |  0
|  77|0x00000000e4d00000, 0x00000000e4d00000, 0x00000000e4e00000|  0%| F|  |TAMS 0x00000000e4d00000| PB 0x00000000e4d00000| Untracked |  0
|  78|0x00000000e4e00000, 0x00000000e4e00000, 0x00000000e4f00000|  0%| F|  |TAMS 0x00000000e4e00000| PB 0x00000000e4e00000| Untracked |  0
|  79|0x00000000e4f00000, 0x00000000e4f00000, 0x00000000e5000000|  0%| F|  |TAMS 0x00000000e4f00000| PB 0x00000000e4f00000| Untracked |  0
|  80|0x00000000e5000000, 0x00000000e5000000, 0x00000000e5100000|  0%| F|  |TAMS 0x00000000e5000000| PB 0x00000000e5000000| Untracked |  0
|  81|0x00000000e5100000, 0x00000000e5100000, 0x00000000e5200000|  0%| F|  |TAMS 0x00000000e5100000| PB 0x00000000e5100000| Untracked |  0
|  82|0x00000000e5200000, 0x00000000e5200000, 0x00000000e5300000|  0%| F|  |TAMS 0x00000000e5200000| PB 0x00000000e5200000| Untracked |  0
|  83|0x00000000e5300000, 0x00000000e5300000, 0x00000000e5400000|  0%| F|  |TAMS 0x00000000e5300000| PB 0x00000000e5300000| Untracked |  0
|  84|0x00000000e5400000, 0x00000000e5400000, 0x00000000e5500000|  0%| F|  |TAMS 0x00000000e5400000| PB 0x00000000e5400000| Untracked |  0
|  85|0x00000000e5500000, 0x00000000e5500000, 0x00000000e5600000|  0%| F|  |TAMS 0x00000000e5500000| PB 0x00000000e5500000| Untracked |  0
|  86|0x00000000e5600000, 0x00000000e5600000, 0x00000000e5700000|  0%| F|  |TAMS 0x00000000e5600000| PB 0x00000000e5600000| Untracked |  0
|  87|0x00000000e5700000, 0x00000000e5700000, 0x00000000e5800000|  0%| F|  |TAMS 0x00000000e5700000| PB 0x00000000e5700000| Untracked |  0
|  88|0x00000000e5800000, 0x00000000e5800000, 0x00000000e5900000|  0%| F|  |TAMS 0x00000000e5800000| PB 0x00000000e5800000| Untracked |  0
|  89|0x00000000e5900000, 0x00000000e5900000, 0x00000000e5a00000|  0%| F|  |TAMS 0x00000000e5900000| PB 0x00000000e5900000| Untracked |  0
|  90|0x00000000e5a00000, 0x00000000e5a00000, 0x00000000e5b00000|  0%| F|  |TAMS 0x00000000e5a00000| PB 0x00000000e5a00000| Untracked |  0
|  91|0x00000000e5b00000, 0x00000000e5b00000, 0x00000000e5c00000|  0%| F|  |TAMS 0x00000000e5b00000| PB 0x00000000e5b00000| Untracked |  0
|  92|0x00000000e5c00000, 0x00000000e5c00000, 0x00000000e5d00000|  0%| F|  |TAMS 0x00000000e5c00000| PB 0x00000000e5c00000| Untracked |  0
|  93|0x00000000e5d00000, 0x00000000e5d00000, 0x00000000e5e00000|  0%| F|  |TAMS 0x00000000e5d00000| PB 0x00000000e5d00000| Untracked |  0
|  94|0x00000000e5e00000, 0x00000000e5e00000, 0x00000000e5f00000|  0%| F|  |TAMS 0x00000000e5e00000| PB 0x00000000e5e00000| Untracked |  0
|  95|0x00000000e5f00000, 0x00000000e5f00000, 0x00000000e6000000|  0%| F|  |TAMS 0x00000000e5f00000| PB 0x00000000e5f00000| Untracked |  0
|  96|0x00000000e6000000, 0x00000000e6000000, 0x00000000e6100000|  0%| F|  |TAMS 0x00000000e6000000| PB 0x00000000e6000000| Untracked |  0
|  97|0x00000000e6100000, 0x00000000e6100000, 0x00000000e6200000|  0%| F|  |TAMS 0x00000000e6100000| PB 0x00000000e6100000| Untracked |  0
|  98|0x00000000e6200000, 0x00000000e6200000, 0x00000000e6300000|  0%| F|  |TAMS 0x00000000e6200000| PB 0x00000000e6200000| Untracked |  0
|  99|0x00000000e6300000, 0x00000000e6300000, 0x00000000e6400000|  0%| F|  |TAMS 0x00000000e6300000| PB 0x00000000e6300000| Untracked |  0
| 100|0x00000000e6400000, 0x00000000e6400000, 0x00000000e6500000|  0%| F|  |TAMS 0x00000000e6400000| PB 0x00000000e6400000| Untracked |  0
| 101|0x00000000e6500000, 0x00000000e6500000, 0x00000000e6600000|  0%| F|  |TAMS 0x00000000e6500000| PB 0x00000000e6500000| Untracked |  0
| 102|0x00000000e6600000, 0x00000000e6600000, 0x00000000e6700000|  0%| F|  |TAMS 0x00000000e6600000| PB 0x00000000e6600000| Untracked |  0
| 103|0x00000000e6700000, 0x00000000e6700000, 0x00000000e6800000|  0%| F|  |TAMS 0x00000000e6700000| PB 0x00000000e6700000| Untracked |  0
| 104|0x00000000e6800000, 0x00000000e6800000, 0x00000000e6900000|  0%| F|  |TAMS 0x00000000e6800000| PB 0x00000000e6800000| Untracked |  0
| 105|0x00000000e6900000, 0x00000000e6900000, 0x00000000e6a00000|  0%| F|  |TAMS 0x00000000e6900000| PB 0x00000000e6900000| Untracked |  0
| 106|0x00000000e6a00000, 0x00000000e6a00000, 0x00000000e6b00000|  0%| F|  |TAMS 0x00000000e6a00000| PB 0x00000000e6a00000| Untracked |  0
| 107|0x00000000e6b00000, 0x00000000e6b00000, 0x00000000e6c00000|  0%| F|  |TAMS 0x00000000e6b00000| PB 0x00000000e6b00000| Untracked |  0
| 108|0x00000000e6c00000, 0x00000000e6c00000, 0x00000000e6d00000|  0%| F|  |TAMS 0x00000000e6c00000| PB 0x00000000e6c00000| Untracked |  0
| 109|0x00000000e6d00000, 0x00000000e6d00000, 0x00000000e6e00000|  0%| F|  |TAMS 0x00000000e6d00000| PB 0x00000000e6d00000| Untracked |  0
| 110|0x00000000e6e00000, 0x00000000e6e00000, 0x00000000e6f00000|  0%| F|  |TAMS 0x00000000e6e00000| PB 0x00000000e6e00000| Untracked |  0
| 111|0x00000000e6f00000, 0x00000000e6f00000, 0x00000000e7000000|  0%| F|  |TAMS 0x00000000e6f00000| PB 0x00000000e6f00000| Untracked |  0
| 112|0x00000000e7000000, 0x00000000e7000000, 0x00000000e7100000|  0%| F|  |TAMS 0x00000000e7000000| PB 0x00000000e7000000| Untracked |  0
| 113|0x00000000e7100000, 0x00000000e7100000, 0x00000000e7200000|  0%| F|  |TAMS 0x00000000e7100000| PB 0x00000000e7100000| Untracked |  0
| 114|0x00000000e7200000, 0x00000000e7200000, 0x00000000e7300000|  0%| F|  |TAMS 0x00000000e7200000| PB 0x00000000e7200000| Untracked |  0
| 115|0x00000000e7300000, 0x00000000e7300000, 0x00000000e7400000|  0%| F|  |TAMS 0x00000000e7300000| PB 0x00000000e7300000| Untracked |  0
| 116|0x00000000e7400000, 0x00000000e7400000, 0x00000000e7500000|  0%| F|  |TAMS 0x00000000e7400000| PB 0x00000000e7400000| Untracked |  0
| 117|0x00000000e7500000, 0x00000000e7500000, 0x00000000e7600000|  0%| F|  |TAMS 0x00000000e7500000| PB 0x00000000e7500000| Untracked |  0
| 118|0x00000000e7600000, 0x00000000e7600000, 0x00000000e7700000|  0%| F|  |TAMS 0x00000000e7600000| PB 0x00000000e7600000| Untracked |  0
| 119|0x00000000e7700000, 0x00000000e7700000, 0x00000000e7800000|  0%| F|  |TAMS 0x00000000e7700000| PB 0x00000000e7700000| Untracked |  0
| 120|0x00000000e7800000, 0x00000000e7800000, 0x00000000e7900000|  0%| F|  |TAMS 0x00000000e7800000| PB 0x00000000e7800000| Untracked |  0
| 121|0x00000000e7900000, 0x00000000e7900000, 0x00000000e7a00000|  0%| F|  |TAMS 0x00000000e7900000| PB 0x00000000e7900000| Untracked |  0
| 122|0x00000000e7a00000, 0x00000000e7a00000, 0x00000000e7b00000|  0%| F|  |TAMS 0x00000000e7a00000| PB 0x00000000e7a00000| Untracked |  0
| 123|0x00000000e7b00000, 0x00000000e7b00000, 0x00000000e7c00000|  0%| F|  |TAMS 0x00000000e7b00000| PB 0x00000000e7b00000| Untracked |  0
| 124|0x00000000e7c00000, 0x00000000e7c00000, 0x00000000e7d00000|  0%| F|  |TAMS 0x00000000e7c00000| PB 0x00000000e7c00000| Untracked |  0
| 125|0x00000000e7d00000, 0x00000000e7d00000, 0x00000000e7e00000|  0%| F|  |TAMS 0x00000000e7d00000| PB 0x00000000e7d00000| Untracked |  0
| 126|0x00000000e7e00000, 0x00000000e7f00000, 0x00000000e7f00000|100%| E|  |TAMS 0x00000000e7e00000| PB 0x00000000e7e00000| Complete |  0
| 127|0x00000000e7f00000, 0x00000000e8000000, 0x00000000e8000000|100%| E|CS|TAMS 0x00000000e7f00000| PB 0x00000000e7f00000| Complete |  0
| 128|0x00000000e8000000, 0x00000000e8100000, 0x00000000e8100000|100%| E|CS|TAMS 0x00000000e8000000| PB 0x00000000e8000000| Complete |  0
| 129|0x00000000e8100000, 0x00000000e8200000, 0x00000000e8200000|100%| E|CS|TAMS 0x00000000e8100000| PB 0x00000000e8100000| Complete |  0
| 130|0x00000000e8200000, 0x00000000e8300000, 0x00000000e8300000|100%| E|CS|TAMS 0x00000000e8200000| PB 0x00000000e8200000| Complete |  0
| 131|0x00000000e8300000, 0x00000000e8400000, 0x00000000e8400000|100%| E|CS|TAMS 0x00000000e8300000| PB 0x00000000e8300000| Complete |  0
| 132|0x00000000e8400000, 0x00000000e8500000, 0x00000000e8500000|100%| E|CS|TAMS 0x00000000e8400000| PB 0x00000000e8400000| Complete |  0
| 133|0x00000000e8500000, 0x00000000e8600000, 0x00000000e8600000|100%| E|CS|TAMS 0x00000000e8500000| PB 0x00000000e8500000| Complete |  0
| 134|0x00000000e8600000, 0x00000000e8700000, 0x00000000e8700000|100%| E|CS|TAMS 0x00000000e8600000| PB 0x00000000e8600000| Complete |  0
| 135|0x00000000e8700000, 0x00000000e8800000, 0x00000000e8800000|100%| E|CS|TAMS 0x00000000e8700000| PB 0x00000000e8700000| Complete |  0
| 136|0x00000000e8800000, 0x00000000e8900000, 0x00000000e8900000|100%| E|CS|TAMS 0x00000000e8800000| PB 0x00000000e8800000| Complete |  0
| 137|0x00000000e8900000, 0x00000000e8a00000, 0x00000000e8a00000|100%| E|CS|TAMS 0x00000000e8900000| PB 0x00000000e8900000| Complete |  0
| 138|0x00000000e8a00000, 0x00000000e8b00000, 0x00000000e8b00000|100%| E|CS|TAMS 0x00000000e8a00000| PB 0x00000000e8a00000| Complete |  0
| 139|0x00000000e8b00000, 0x00000000e8c00000, 0x00000000e8c00000|100%| E|CS|TAMS 0x00000000e8b00000| PB 0x00000000e8b00000| Complete |  0
| 140|0x00000000e8c00000, 0x00000000e8d00000, 0x00000000e8d00000|100%| E|CS|TAMS 0x00000000e8c00000| PB 0x00000000e8c00000| Complete |  0
| 141|0x00000000e8d00000, 0x00000000e8e00000, 0x00000000e8e00000|100%| E|CS|TAMS 0x00000000e8d00000| PB 0x00000000e8d00000| Complete |  0
| 142|0x00000000e8e00000, 0x00000000e8f00000, 0x00000000e8f00000|100%| E|CS|TAMS 0x00000000e8e00000| PB 0x00000000e8e00000| Complete |  0
| 143|0x00000000e8f00000, 0x00000000e9000000, 0x00000000e9000000|100%| E|CS|TAMS 0x00000000e8f00000| PB 0x00000000e8f00000| Complete |  0
| 144|0x00000000e9000000, 0x00000000e9100000, 0x00000000e9100000|100%| E|CS|TAMS 0x00000000e9000000| PB 0x00000000e9000000| Complete |  0
| 145|0x00000000e9100000, 0x00000000e9200000, 0x00000000e9200000|100%| E|CS|TAMS 0x00000000e9100000| PB 0x00000000e9100000| Complete |  0
| 146|0x00000000e9200000, 0x00000000e9300000, 0x00000000e9300000|100%| E|CS|TAMS 0x00000000e9200000| PB 0x00000000e9200000| Complete |  0
| 147|0x00000000e9300000, 0x00000000e9400000, 0x00000000e9400000|100%| E|CS|TAMS 0x00000000e9300000| PB 0x00000000e9300000| Complete |  0
| 148|0x00000000e9400000, 0x00000000e9500000, 0x00000000e9500000|100%| E|CS|TAMS 0x00000000e9400000| PB 0x00000000e9400000| Complete |  0
| 149|0x00000000e9500000, 0x00000000e9600000, 0x00000000e9600000|100%| E|CS|TAMS 0x00000000e9500000| PB 0x00000000e9500000| Complete |  0
| 150|0x00000000e9600000, 0x00000000e9700000, 0x00000000e9700000|100%| E|CS|TAMS 0x00000000e9600000| PB 0x00000000e9600000| Complete |  0
| 151|0x00000000e9700000, 0x00000000e9800000, 0x00000000e9800000|100%| E|CS|TAMS 0x00000000e9700000| PB 0x00000000e9700000| Complete |  0
| 152|0x00000000e9800000, 0x00000000e9900000, 0x00000000e9900000|100%| E|CS|TAMS 0x00000000e9800000| PB 0x00000000e9800000| Complete |  0
| 153|0x00000000e9900000, 0x00000000e9a00000, 0x00000000e9a00000|100%| E|CS|TAMS 0x00000000e9900000| PB 0x00000000e9900000| Complete |  0
| 154|0x00000000e9a00000, 0x00000000e9b00000, 0x00000000e9b00000|100%| E|CS|TAMS 0x00000000e9a00000| PB 0x00000000e9a00000| Complete |  0
| 155|0x00000000e9b00000, 0x00000000e9c00000, 0x00000000e9c00000|100%| E|CS|TAMS 0x00000000e9b00000| PB 0x00000000e9b00000| Complete |  0
| 156|0x00000000e9c00000, 0x00000000e9d00000, 0x00000000e9d00000|100%| E|CS|TAMS 0x00000000e9c00000| PB 0x00000000e9c00000| Complete |  0
| 157|0x00000000e9d00000, 0x00000000e9e00000, 0x00000000e9e00000|100%| E|CS|TAMS 0x00000000e9d00000| PB 0x00000000e9d00000| Complete |  0
| 158|0x00000000e9e00000, 0x00000000e9f00000, 0x00000000e9f00000|100%| E|CS|TAMS 0x00000000e9e00000| PB 0x00000000e9e00000| Complete |  0
| 159|0x00000000e9f00000, 0x00000000ea000000, 0x00000000ea000000|100%| E|CS|TAMS 0x00000000e9f00000| PB 0x00000000e9f00000| Complete |  0
| 160|0x00000000ea000000, 0x00000000ea100000, 0x00000000ea100000|100%| E|CS|TAMS 0x00000000ea000000| PB 0x00000000ea000000| Complete |  0
| 161|0x00000000ea100000, 0x00000000ea200000, 0x00000000ea200000|100%| E|CS|TAMS 0x00000000ea100000| PB 0x00000000ea100000| Complete |  0
| 162|0x00000000ea200000, 0x00000000ea300000, 0x00000000ea300000|100%| E|CS|TAMS 0x00000000ea200000| PB 0x00000000ea200000| Complete |  0
| 163|0x00000000ea300000, 0x00000000ea400000, 0x00000000ea400000|100%| E|CS|TAMS 0x00000000ea300000| PB 0x00000000ea300000| Complete |  0
| 164|0x00000000ea400000, 0x00000000ea500000, 0x00000000ea500000|100%| E|CS|TAMS 0x00000000ea400000| PB 0x00000000ea400000| Complete |  0
| 165|0x00000000ea500000, 0x00000000ea600000, 0x00000000ea600000|100%| E|CS|TAMS 0x00000000ea500000| PB 0x00000000ea500000| Complete |  0
| 166|0x00000000ea600000, 0x00000000ea700000, 0x00000000ea700000|100%| E|CS|TAMS 0x00000000ea600000| PB 0x00000000ea600000| Complete |  0
| 167|0x00000000ea700000, 0x00000000ea800000, 0x00000000ea800000|100%| E|CS|TAMS 0x00000000ea700000| PB 0x00000000ea700000| Complete |  0
| 168|0x00000000ea800000, 0x00000000ea900000, 0x00000000ea900000|100%| E|CS|TAMS 0x00000000ea800000| PB 0x00000000ea800000| Complete |  0
| 169|0x00000000ea900000, 0x00000000eaa00000, 0x00000000eaa00000|100%| E|CS|TAMS 0x00000000ea900000| PB 0x00000000ea900000| Complete |  0
| 170|0x00000000eaa00000, 0x00000000eab00000, 0x00000000eab00000|100%| E|CS|TAMS 0x00000000eaa00000| PB 0x00000000eaa00000| Complete |  0
| 171|0x00000000eab00000, 0x00000000eac00000, 0x00000000eac00000|100%| E|CS|TAMS 0x00000000eab00000| PB 0x00000000eab00000| Complete |  0
| 172|0x00000000eac00000, 0x00000000ead00000, 0x00000000ead00000|100%| E|CS|TAMS 0x00000000eac00000| PB 0x00000000eac00000| Complete |  0
| 173|0x00000000ead00000, 0x00000000eae00000, 0x00000000eae00000|100%| E|CS|TAMS 0x00000000ead00000| PB 0x00000000ead00000| Complete |  0
| 174|0x00000000eae00000, 0x00000000eaf00000, 0x00000000eaf00000|100%| E|CS|TAMS 0x00000000eae00000| PB 0x00000000eae00000| Complete |  0
| 175|0x00000000eaf00000, 0x00000000eb000000, 0x00000000eb000000|100%| E|CS|TAMS 0x00000000eaf00000| PB 0x00000000eaf00000| Complete |  0
| 176|0x00000000eb000000, 0x00000000eb100000, 0x00000000eb100000|100%| E|CS|TAMS 0x00000000eb000000| PB 0x00000000eb000000| Complete |  0
| 177|0x00000000eb100000, 0x00000000eb200000, 0x00000000eb200000|100%| E|CS|TAMS 0x00000000eb100000| PB 0x00000000eb100000| Complete |  0
| 178|0x00000000eb200000, 0x00000000eb300000, 0x00000000eb300000|100%| E|CS|TAMS 0x00000000eb200000| PB 0x00000000eb200000| Complete |  0
| 179|0x00000000eb300000, 0x00000000eb400000, 0x00000000eb400000|100%| E|CS|TAMS 0x00000000eb300000| PB 0x00000000eb300000| Complete |  0
| 180|0x00000000eb400000, 0x00000000eb500000, 0x00000000eb500000|100%| E|CS|TAMS 0x00000000eb400000| PB 0x00000000eb400000| Complete |  0
| 181|0x00000000eb500000, 0x00000000eb600000, 0x00000000eb600000|100%| E|CS|TAMS 0x00000000eb500000| PB 0x00000000eb500000| Complete |  0
| 182|0x00000000eb600000, 0x00000000eb700000, 0x00000000eb700000|100%| E|CS|TAMS 0x00000000eb600000| PB 0x00000000eb600000| Complete |  0
| 183|0x00000000eb700000, 0x00000000eb800000, 0x00000000eb800000|100%| E|CS|TAMS 0x00000000eb700000| PB 0x00000000eb700000| Complete |  0
| 184|0x00000000eb800000, 0x00000000eb900000, 0x00000000eb900000|100%| E|CS|TAMS 0x00000000eb800000| PB 0x00000000eb800000| Complete |  0
| 185|0x00000000eb900000, 0x00000000eba00000, 0x00000000eba00000|100%| E|CS|TAMS 0x00000000eb900000| PB 0x00000000eb900000| Complete |  0
| 186|0x00000000eba00000, 0x00000000ebb00000, 0x00000000ebb00000|100%| E|CS|TAMS 0x00000000eba00000| PB 0x00000000eba00000| Complete |  0
| 187|0x00000000ebb00000, 0x00000000ebc00000, 0x00000000ebc00000|100%| E|CS|TAMS 0x00000000ebb00000| PB 0x00000000ebb00000| Complete |  0
| 188|0x00000000ebc00000, 0x00000000ebd00000, 0x00000000ebd00000|100%| E|CS|TAMS 0x00000000ebc00000| PB 0x00000000ebc00000| Complete |  0
| 189|0x00000000ebd00000, 0x00000000ebe00000, 0x00000000ebe00000|100%| E|CS|TAMS 0x00000000ebd00000| PB 0x00000000ebd00000| Complete |  0
| 190|0x00000000ebe00000, 0x00000000ebf00000, 0x00000000ebf00000|100%| E|CS|TAMS 0x00000000ebe00000| PB 0x00000000ebe00000| Complete |  0
| 191|0x00000000ebf00000, 0x00000000ec000000, 0x00000000ec000000|100%| E|CS|TAMS 0x00000000ebf00000| PB 0x00000000ebf00000| Complete |  0
| 192|0x00000000ec000000, 0x00000000ec100000, 0x00000000ec100000|100%| E|CS|TAMS 0x00000000ec000000| PB 0x00000000ec000000| Complete |  0
| 193|0x00000000ec100000, 0x00000000ec200000, 0x00000000ec200000|100%| E|CS|TAMS 0x00000000ec100000| PB 0x00000000ec100000| Complete |  0
| 194|0x00000000ec200000, 0x00000000ec300000, 0x00000000ec300000|100%| E|CS|TAMS 0x00000000ec200000| PB 0x00000000ec200000| Complete |  0
| 195|0x00000000ec300000, 0x00000000ec400000, 0x00000000ec400000|100%| E|CS|TAMS 0x00000000ec300000| PB 0x00000000ec300000| Complete |  0
| 196|0x00000000ec400000, 0x00000000ec500000, 0x00000000ec500000|100%| E|CS|TAMS 0x00000000ec400000| PB 0x00000000ec400000| Complete |  0
| 197|0x00000000ec500000, 0x00000000ec600000, 0x00000000ec600000|100%| E|CS|TAMS 0x00000000ec500000| PB 0x00000000ec500000| Complete |  0
| 198|0x00000000ec600000, 0x00000000ec700000, 0x00000000ec700000|100%| E|CS|TAMS 0x00000000ec600000| PB 0x00000000ec600000| Complete |  0
| 199|0x00000000ec700000, 0x00000000ec800000, 0x00000000ec800000|100%| E|CS|TAMS 0x00000000ec700000| PB 0x00000000ec700000| Complete |  0
| 200|0x00000000ec800000, 0x00000000ec900000, 0x00000000ec900000|100%| E|CS|TAMS 0x00000000ec800000| PB 0x00000000ec800000| Complete |  0
| 201|0x00000000ec900000, 0x00000000eca00000, 0x00000000eca00000|100%| E|CS|TAMS 0x00000000ec900000| PB 0x00000000ec900000| Complete |  0
| 202|0x00000000eca00000, 0x00000000ecb00000, 0x00000000ecb00000|100%| E|CS|TAMS 0x00000000eca00000| PB 0x00000000eca00000| Complete |  0
| 203|0x00000000ecb00000, 0x00000000ecc00000, 0x00000000ecc00000|100%| E|CS|TAMS 0x00000000ecb00000| PB 0x00000000ecb00000| Complete |  0
| 204|0x00000000ecc00000, 0x00000000ecd00000, 0x00000000ecd00000|100%| E|CS|TAMS 0x00000000ecc00000| PB 0x00000000ecc00000| Complete |  0
| 205|0x00000000ecd00000, 0x00000000ece00000, 0x00000000ece00000|100%| E|CS|TAMS 0x00000000ecd00000| PB 0x00000000ecd00000| Complete |  0
| 206|0x00000000ece00000, 0x00000000ecf00000, 0x00000000ecf00000|100%| E|  |TAMS 0x00000000ece00000| PB 0x00000000ece00000| Complete |  0
| 207|0x00000000ecf00000, 0x00000000ed000000, 0x00000000ed000000|100%| E|CS|TAMS 0x00000000ecf00000| PB 0x00000000ecf00000| Complete |  0
| 208|0x00000000ed000000, 0x00000000ed100000, 0x00000000ed100000|100%| E|CS|TAMS 0x00000000ed000000| PB 0x00000000ed000000| Complete |  0
| 209|0x00000000ed100000, 0x00000000ed200000, 0x00000000ed200000|100%| E|CS|TAMS 0x00000000ed100000| PB 0x00000000ed100000| Complete |  0
| 210|0x00000000ed200000, 0x00000000ed300000, 0x00000000ed300000|100%| E|CS|TAMS 0x00000000ed200000| PB 0x00000000ed200000| Complete |  0
| 211|0x00000000ed300000, 0x00000000ed400000, 0x00000000ed400000|100%| E|CS|TAMS 0x00000000ed300000| PB 0x00000000ed300000| Complete |  0
| 212|0x00000000ed400000, 0x00000000ed500000, 0x00000000ed500000|100%| E|CS|TAMS 0x00000000ed400000| PB 0x00000000ed400000| Complete |  0
| 213|0x00000000ed500000, 0x00000000ed600000, 0x00000000ed600000|100%| E|CS|TAMS 0x00000000ed500000| PB 0x00000000ed500000| Complete |  0
| 214|0x00000000ed600000, 0x00000000ed700000, 0x00000000ed700000|100%| E|CS|TAMS 0x00000000ed600000| PB 0x00000000ed600000| Complete |  0
| 215|0x00000000ed700000, 0x00000000ed800000, 0x00000000ed800000|100%| E|CS|TAMS 0x00000000ed700000| PB 0x00000000ed700000| Complete |  0
| 216|0x00000000ed800000, 0x00000000ed900000, 0x00000000ed900000|100%| E|CS|TAMS 0x00000000ed800000| PB 0x00000000ed800000| Complete |  0
| 217|0x00000000ed900000, 0x00000000eda00000, 0x00000000eda00000|100%| E|CS|TAMS 0x00000000ed900000| PB 0x00000000ed900000| Complete |  0
| 218|0x00000000eda00000, 0x00000000edb00000, 0x00000000edb00000|100%| E|CS|TAMS 0x00000000eda00000| PB 0x00000000eda00000| Complete |  0
| 219|0x00000000edb00000, 0x00000000edc00000, 0x00000000edc00000|100%| E|CS|TAMS 0x00000000edb00000| PB 0x00000000edb00000| Complete |  0
| 220|0x00000000edc00000, 0x00000000edd00000, 0x00000000edd00000|100%| E|CS|TAMS 0x00000000edc00000| PB 0x00000000edc00000| Complete |  0
| 221|0x00000000edd00000, 0x00000000ede00000, 0x00000000ede00000|100%| E|CS|TAMS 0x00000000edd00000| PB 0x00000000edd00000| Complete |  0
| 222|0x00000000ede00000, 0x00000000edf00000, 0x00000000edf00000|100%| E|CS|TAMS 0x00000000ede00000| PB 0x00000000ede00000| Complete |  0
| 223|0x00000000edf00000, 0x00000000ee000000, 0x00000000ee000000|100%| E|CS|TAMS 0x00000000edf00000| PB 0x00000000edf00000| Complete |  0
| 224|0x00000000ee000000, 0x00000000ee100000, 0x00000000ee100000|100%| E|CS|TAMS 0x00000000ee000000| PB 0x00000000ee000000| Complete |  0
| 225|0x00000000ee100000, 0x00000000ee200000, 0x00000000ee200000|100%| E|CS|TAMS 0x00000000ee100000| PB 0x00000000ee100000| Complete |  0
| 226|0x00000000ee200000, 0x00000000ee300000, 0x00000000ee300000|100%| E|CS|TAMS 0x00000000ee200000| PB 0x00000000ee200000| Complete |  0
| 227|0x00000000ee300000, 0x00000000ee400000, 0x00000000ee400000|100%| E|CS|TAMS 0x00000000ee300000| PB 0x00000000ee300000| Complete |  0
| 228|0x00000000ee400000, 0x00000000ee500000, 0x00000000ee500000|100%| E|CS|TAMS 0x00000000ee400000| PB 0x00000000ee400000| Complete |  0
| 229|0x00000000ee500000, 0x00000000ee600000, 0x00000000ee600000|100%| E|CS|TAMS 0x00000000ee500000| PB 0x00000000ee500000| Complete |  0
| 230|0x00000000ee600000, 0x00000000ee700000, 0x00000000ee700000|100%| E|CS|TAMS 0x00000000ee600000| PB 0x00000000ee600000| Complete |  0
| 231|0x00000000ee700000, 0x00000000ee800000, 0x00000000ee800000|100%| E|CS|TAMS 0x00000000ee700000| PB 0x00000000ee700000| Complete |  0
| 232|0x00000000ee800000, 0x00000000ee8fe5d8, 0x00000000ee900000| 99%| S|CS|TAMS 0x00000000ee800000| PB 0x00000000ee800000| Complete |  0
| 233|0x00000000ee900000, 0x00000000eea00000, 0x00000000eea00000|100%| S|CS|TAMS 0x00000000ee900000| PB 0x00000000ee900000| Complete |  0
| 234|0x00000000eea00000, 0x00000000eeb00000, 0x00000000eeb00000|100%| S|CS|TAMS 0x00000000eea00000| PB 0x00000000eea00000| Complete |  0
| 235|0x00000000eeb00000, 0x00000000eec00000, 0x00000000eec00000|100%| S|CS|TAMS 0x00000000eeb00000| PB 0x00000000eeb00000| Complete |  0
| 236|0x00000000eec00000, 0x00000000eed00000, 0x00000000eed00000|100%| S|CS|TAMS 0x00000000eec00000| PB 0x00000000eec00000| Complete |  0
| 237|0x00000000eed00000, 0x00000000eee00000, 0x00000000eee00000|100%| S|CS|TAMS 0x00000000eed00000| PB 0x00000000eed00000| Complete |  0
| 238|0x00000000eee00000, 0x00000000eef00000, 0x00000000eef00000|100%| S|CS|TAMS 0x00000000eee00000| PB 0x00000000eee00000| Complete |  0
| 239|0x00000000eef00000, 0x00000000ef000000, 0x00000000ef000000|100%| S|CS|TAMS 0x00000000eef00000| PB 0x00000000eef00000| Complete |  0
| 240|0x00000000ef000000, 0x00000000ef100000, 0x00000000ef100000|100%| S|CS|TAMS 0x00000000ef000000| PB 0x00000000ef000000| Complete |  0
| 241|0x00000000ef100000, 0x00000000ef200000, 0x00000000ef200000|100%| S|CS|TAMS 0x00000000ef100000| PB 0x00000000ef100000| Complete |  0
| 242|0x00000000ef200000, 0x00000000ef300000, 0x00000000ef300000|100%| E|CS|TAMS 0x00000000ef200000| PB 0x00000000ef200000| Complete |  0
| 243|0x00000000ef300000, 0x00000000ef400000, 0x00000000ef400000|100%| E|CS|TAMS 0x00000000ef300000| PB 0x00000000ef300000| Complete |  0
| 244|0x00000000ef400000, 0x00000000ef500000, 0x00000000ef500000|100%| E|CS|TAMS 0x00000000ef400000| PB 0x00000000ef400000| Complete |  0
| 245|0x00000000ef500000, 0x00000000ef600000, 0x00000000ef600000|100%| E|CS|TAMS 0x00000000ef500000| PB 0x00000000ef500000| Complete |  0
| 246|0x00000000ef600000, 0x00000000ef700000, 0x00000000ef700000|100%| E|CS|TAMS 0x00000000ef600000| PB 0x00000000ef600000| Complete |  0
| 247|0x00000000ef700000, 0x00000000ef800000, 0x00000000ef800000|100%| E|CS|TAMS 0x00000000ef700000| PB 0x00000000ef700000| Complete |  0
| 248|0x00000000ef800000, 0x00000000ef900000, 0x00000000ef900000|100%| E|CS|TAMS 0x00000000ef800000| PB 0x00000000ef800000| Complete |  0
| 249|0x00000000ef900000, 0x00000000efa00000, 0x00000000efa00000|100%| E|CS|TAMS 0x00000000ef900000| PB 0x00000000ef900000| Complete |  0
| 250|0x00000000efa00000, 0x00000000efb00000, 0x00000000efb00000|100%| E|CS|TAMS 0x00000000efa00000| PB 0x00000000efa00000| Complete |  0
| 251|0x00000000efb00000, 0x00000000efc00000, 0x00000000efc00000|100%| E|CS|TAMS 0x00000000efb00000| PB 0x00000000efb00000| Complete |  0
| 252|0x00000000efc00000, 0x00000000efd00000, 0x00000000efd00000|100%| E|CS|TAMS 0x00000000efc00000| PB 0x00000000efc00000| Complete |  0
| 255|0x00000000eff00000, 0x00000000f0000000, 0x00000000f0000000|100%| S|CS|TAMS 0x00000000eff00000| PB 0x00000000eff00000| Complete |  0
| 510|0x00000000ffe00000, 0x00000000fff00000, 0x00000000fff00000|100%| O|  |TAMS 0x00000000ffe00000| PB 0x00000000ffe00000| Untracked |  0
| 511|0x00000000fff00000, 0x0000000100000000, 0x0000000100000000|100%| E|CS|TAMS 0x00000000fff00000| PB 0x00000000fff00000| Complete |  0

Card table byte_map: [0x000001fbb8d60000,0x000001fbb8e60000] _byte_map_base: 0x000001fbb8660000

Marking Bits: (CMBitMap*) 0x000001fba1406bc0
 Bits: [0x000001fbb8e60000, 0x000001fbb9660000)

Polling page: 0x000001fb9f180000

Metaspace:
Metaspace        used 48444K, committed 49856K, reserved 393216K
 class space     used 7449K, committed 8128K, reserved 327680K

Usage:
  Non-class:     40.03 MB used.
      Class:      7.28 MB used.
       Both:     47.31 MB used.

Virtual space:
  Non-class space:       64.00 MB reserved,      40.75 MB ( 64%) committed,  1 nodes.
      Class space:      320.00 MB reserved,       7.94 MB (  2%) committed,  1 nodes.
             Both:      384.00 MB reserved,      48.69 MB ( 13%) committed. 

Chunk freelists:
   Non-Class:  7.14 MB
       Class:  7.84 MB
        Both:  14.98 MB

MaxMetaspaceSize: 384.00 MB
CompressedClassSpaceSize: 320.00 MB
Initial GC threshold: 21.00 MB
Current GC threshold: 59.81 MB
CDS: on
 - commit_granule_bytes: 65536.
 - commit_granule_words: 8192.
 - virtual_space_node_default_size: 8388608.
 - enlarge_chunks_in_place: 1.
UseCompressedClassPointers 1, UseCompactObjectHeaders 0
Narrow klass pointer bits 32, Max shift 3
Narrow klass base: 0x0000000025000000, Narrow klass shift: 0
Encoding Range: [0x0000000025000000 - 0x0000000125000000), (4294967296 bytes)
Klass Range:    [0x0000000025010000 - 0x000000003a000000), (352256000 bytes)
Klass ID Range:  [65536 - 352321529) (352255993)
Protection zone: [0x0000000025000000 - 0x0000000025010000), (65536 bytes)


Internal statistics:

num_allocs_failed_limit: 12.
num_arena_births: 2330.
num_arena_deaths: 0.
num_vsnodes_births: 2.
num_vsnodes_deaths: 0.
num_space_committed: 779.
num_space_uncommitted: 0.
num_chunks_returned_to_freelist: 12.
num_chunks_taken_from_freelist: 4298.
num_chunk_merges: 6.
num_chunk_splits: 2889.
num_chunks_enlarged: 1904.
num_inconsistent_stats: 0.

CodeHeap 'non-profiled nmethods': size=120064Kb used=2295Kb max_used=2295Kb free=117769Kb
 bounds [0x000001fbb1720000, 0x000001fbb1990000, 0x000001fbb8c60000]
CodeHeap 'profiled nmethods': size=120000Kb used=7632Kb max_used=7632Kb free=112367Kb
 bounds [0x000001fba9c60000, 0x000001fbaa3e0000, 0x000001fbb1190000]
CodeHeap 'non-nmethods': size=5696Kb used=2638Kb max_used=2648Kb free=3057Kb
 bounds [0x000001fbb1190000, 0x000001fbb1430000, 0x000001fbb1720000]
CodeCache: size=245760Kb, used=12565Kb, max_used=12575Kb, free=233193Kb
 total_blobs=5906, nmethods=5008, adapters=800, full_count=0
Compilation: enabled, stopped_count=0, restarted_count=0

Compilation events (20 events):
Event: 41.069 Thread 0x000001fbbbbcc260 nmethod 5524 0x000001fbaa3ca988 code [0x000001fbaa3caa80, 0x000001fbaa3cac38]
Event: 41.069 Thread 0x000001fbbbbcc260 5525       3       kotlin.reflect.jvm.internal.impl.name.FqNameUnsafe::<init> (28 bytes)
Event: 41.069 Thread 0x000001fbbbbcc260 nmethod 5525 0x000001fbaa3cac88 code [0x000001fbaa3cad80, 0x000001fbaa3cb080]
Event: 41.069 Thread 0x000001fbbbbcc260 5526       3       kotlin.reflect.jvm.internal.impl.name.FqName::toUnsafe (13 bytes)
Event: 41.069 Thread 0x000001fbbbbcc260 nmethod 5526 0x000001fbaa3cb108 code [0x000001fbaa3cb200, 0x000001fbaa3cb378]
Event: 41.074 Thread 0x000001fbbbbcc260 5527       3       kotlin.reflect.jvm.internal.impl.name.Name::<init> (23 bytes)
Event: 41.075 Thread 0x000001fbbbbcc260 nmethod 5527 0x000001fbaa3cb408 code [0x000001fbaa3cb500, 0x000001fbaa3cb738]
Event: 41.075 Thread 0x000001fbbbbcc260 5528       3       kotlin.reflect.jvm.internal.impl.name.Name::identifier (18 bytes)
Event: 41.075 Thread 0x000001fbbbbcc260 nmethod 5528 0x000001fbaa3cb788 code [0x000001fbaa3cb880, 0x000001fbaa3cbbb0]
Event: 41.075 Thread 0x000001fbbbbcc260 5529       3       kotlin.reflect.jvm.internal.impl.name.FqName::asString (16 bytes)
Event: 41.075 Thread 0x000001fbbbbcc260 nmethod 5529 0x000001fbaa3cbc08 code [0x000001fbaa3cbd00, 0x000001fbaa3cbfc0]
Event: 41.076 Thread 0x000001fbbbbcc260 5530       3       kotlin.reflect.jvm.internal.impl.name.FqName::<init> (18 bytes)
Event: 41.076 Thread 0x000001fbbbbcc260 nmethod 5530 0x000001fbaa3cc008 code [0x000001fbaa3cc100, 0x000001fbaa3cc320]
Event: 41.076 Thread 0x000001fbbbbcc260 5531       3       kotlin.reflect.jvm.internal.impl.name.FqName::<init> (26 bytes)
Event: 41.076 Thread 0x000001fbbbbcc260 nmethod 5531 0x000001fbaa3cc388 code [0x000001fbaa3cc480, 0x000001fbaa3cc900]
Event: 41.076 Thread 0x000001fbbbbcc260 5532       3       kotlin.reflect.jvm.internal.impl.name.FqNameUnsafe::<init> (31 bytes)
Event: 41.077 Thread 0x000001fbbbbcc260 nmethod 5532 0x000001fbaa3cc988 code [0x000001fbaa3cca80, 0x000001fbaa3ccd70]
Event: 41.079 Thread 0x000001fbbbbc1da0 5533  s    4       java.util.jar.JarFile::getInputStream (88 bytes)
Event: 41.113 Thread 0x000001fbbbbcc260 5534       3       java.util.jar.JarFile::getEntry (35 bytes)
Event: 41.113 Thread 0x000001fbbbbcc260 nmethod 5534 0x000001fbaa3ccd88 code [0x000001fbaa3cce80, 0x000001fbaa3cd358]

GC Heap Usage History (12 events):
Event: 5.022 {heap Before GC invocations=0 (full 0):
 garbage-first heap   total reserved 524288K, committed 264192K, used 33941K [0x00000000e0000000, 0x0000000100000000)
  region size 1024K, 28 young (28672K), 0 survivors (0K)
}
Event: 5.072 {heap After GC invocations=1 (full 0):
 garbage-first heap   total reserved 524288K, committed 264192K, used 12565K [0x00000000e0000000, 0x0000000100000000)
  region size 1024K, 4 young (4096K), 4 survivors (4096K)
}
Event: 19.317 {heap Before GC invocations=1 (full 0):
 garbage-first heap   total reserved 524288K, committed 264192K, used 120085K [0x00000000e0000000, 0x0000000100000000)
  region size 1024K, 108 young (110592K), 4 survivors (4096K)
}
Event: 19.335 {heap After GC invocations=2 (full 0):
 garbage-first heap   total reserved 524288K, committed 264192K, used 22462K [0x00000000e0000000, 0x0000000100000000)
  region size 1024K, 13 young (13312K), 13 survivors (13312K)
}
Event: 24.785 {heap Before GC invocations=2 (full 0):
 garbage-first heap   total reserved 524288K, committed 264192K, used 72638K [0x00000000e0000000, 0x0000000100000000)
  region size 1024K, 63 young (64512K), 13 survivors (13312K)
}
Event: 24.807 {heap After GC invocations=3 (full 0):
 garbage-first heap   total reserved 524288K, committed 264192K, used 25955K [0x00000000e0000000, 0x0000000100000000)
  region size 1024K, 13 young (13312K), 13 survivors (13312K)
}
Event: 34.166 {heap Before GC invocations=4 (full 0):
 garbage-first heap   total reserved 524288K, committed 262144K, used 142691K [0x00000000e0000000, 0x0000000100000000)
  region size 1024K, 129 young (132096K), 13 survivors (13312K)
}
Event: 34.206 {heap After GC invocations=5 (full 0):
 garbage-first heap   total reserved 524288K, committed 262144K, used 34058K [0x00000000e0000000, 0x0000000100000000)
  region size 1024K, 11 young (11264K), 11 survivors (11264K)
}
Event: 34.301 {heap Before GC invocations=5 (full 0):
 garbage-first heap   total reserved 524288K, committed 262144K, used 34058K [0x00000000e0000000, 0x0000000100000000)
  region size 1024K, 12 young (12288K), 11 survivors (11264K)
}
Event: 34.318 {heap After GC invocations=6 (full 0):
 garbage-first heap   total reserved 524288K, committed 262144K, used 34453K [0x00000000e0000000, 0x0000000100000000)
  region size 1024K, 11 young (11264K), 11 survivors (11264K)
}
Event: 34.398 {heap Before GC invocations=6 (full 0):
 garbage-first heap   total reserved 524288K, committed 262144K, used 34453K [0x00000000e0000000, 0x0000000100000000)
  region size 1024K, 12 young (12288K), 11 survivors (11264K)
}
Event: 34.415 {heap After GC invocations=7 (full 0):
 garbage-first heap   total reserved 524288K, committed 262144K, used 34475K [0x00000000e0000000, 0x0000000100000000)
  region size 1024K, 11 young (11264K), 11 survivors (11264K)
}

Metaspace Usage History (12 events):
Event: 5.022 {metaspace Before GC invocations=0 (full 0):
 Metaspace       used 2928K, committed 3072K, reserved 393216K
  class space    used 365K, committed 448K, reserved 327680K
}
Event: 5.072 {metaspace After GC invocations=1 (full 0):
 Metaspace       used 2928K, committed 3072K, reserved 393216K
  class space    used 365K, committed 448K, reserved 327680K
}
Event: 19.317 {metaspace Before GC invocations=1 (full 0):
 Metaspace       used 14011K, committed 14400K, reserved 393216K
  class space    used 1983K, committed 2176K, reserved 327680K
}
Event: 19.335 {metaspace After GC invocations=2 (full 0):
 Metaspace       used 14011K, committed 14400K, reserved 393216K
  class space    used 1983K, committed 2176K, reserved 327680K
}
Event: 24.785 {metaspace Before GC invocations=2 (full 0):
 Metaspace       used 20867K, committed 21504K, reserved 393216K
  class space    used 3152K, committed 3456K, reserved 327680K
}
Event: 24.807 {metaspace After GC invocations=3 (full 0):
 Metaspace       used 20867K, committed 21504K, reserved 393216K
  class space    used 3152K, committed 3456K, reserved 327680K
}
Event: 34.166 {metaspace Before GC invocations=4 (full 0):
 Metaspace       used 34690K, committed 35968K, reserved 393216K
  class space    used 5322K, committed 5952K, reserved 327680K
}
Event: 34.206 {metaspace After GC invocations=5 (full 0):
 Metaspace       used 34690K, committed 35968K, reserved 393216K
  class space    used 5322K, committed 5952K, reserved 327680K
}
Event: 34.302 {metaspace Before GC invocations=5 (full 0):
 Metaspace       used 35062K, committed 36288K, reserved 393216K
  class space    used 5373K, committed 5952K, reserved 327680K
}
Event: 34.318 {metaspace After GC invocations=6 (full 0):
 Metaspace       used 35062K, committed 36288K, reserved 393216K
  class space    used 5373K, committed 5952K, reserved 327680K
}
Event: 34.398 {metaspace Before GC invocations=6 (full 0):
 Metaspace       used 35387K, committed 36608K, reserved 393216K
  class space    used 5412K, committed 6016K, reserved 327680K
}
Event: 34.415 {metaspace After GC invocations=7 (full 0):
 Metaspace       used 35387K, committed 36608K, reserved 393216K
  class space    used 5412K, committed 6016K, reserved 327680K
}

Dll operation events (14 events):
Event: 0.053 Loaded shared library C:\Program Files\Java\jdk-25.0.2\bin\java.dll
Event: 0.325 Loaded shared library C:\Program Files\Java\jdk-25.0.2\bin\zip.dll
Event: 0.337 Loaded shared library C:\Program Files\Java\jdk-25.0.2\bin\instrument.dll
Event: 0.400 Loaded shared library C:\Program Files\Java\jdk-25.0.2\bin\net.dll
Event: 0.410 Loaded shared library C:\Program Files\Java\jdk-25.0.2\bin\nio.dll
Event: 0.418 Loaded shared library C:\Program Files\Java\jdk-25.0.2\bin\zip.dll
Event: 1.891 Loaded shared library C:\Program Files\Java\jdk-25.0.2\bin\jimage.dll
Event: 4.084 Loaded shared library C:\Program Files\Java\jdk-25.0.2\bin\verify.dll
Event: 4.601 Loaded shared library C:\Users\LIZBETH\.gradle\native\c067742578af261105cb4f569cf0c3c89f3d7b1fecec35dd04571415982c5e48\windows-amd64\native-platform.dll
Event: 4.690 Loaded shared library C:\Users\LIZBETH\.gradle\native\100fb08df4bc3b14c8652ba06237920a3bd2aa13389f12d3474272988ae205f9\windows-amd64\native-platform-file-events.dll
Event: 11.397 Loaded shared library C:\Program Files\Java\jdk-25.0.2\bin\management.dll
Event: 11.429 Loaded shared library C:\Program Files\Java\jdk-25.0.2\bin\management_ext.dll
Event: 13.189 Loaded shared library C:\Program Files\Java\jdk-25.0.2\bin\extnet.dll
Event: 14.154 Loaded shared library C:\Program Files\Java\jdk-25.0.2\bin\sunmscapi.dll

Deoptimization events (20 events):
Event: 38.087 Thread 0x000001fbc196e690 DEOPT PACKING pc=0x000001fbaa020184 sp=0x0000004e29bf8f40
Event: 38.087 Thread 0x000001fbc196e690 DEOPT UNPACKING pc=0x000001fbb11e1702 sp=0x0000004e29bf8428 mode 0
Event: 38.088 Thread 0x000001fbc196e690 DEOPT PACKING pc=0x000001fbaa020184 sp=0x0000004e29bf8f40
Event: 38.088 Thread 0x000001fbc196e690 DEOPT UNPACKING pc=0x000001fbb11e1702 sp=0x0000004e29bf8428 mode 0
Event: 38.089 Thread 0x000001fbc196e690 DEOPT PACKING pc=0x000001fbaa020184 sp=0x0000004e29bf8f40
Event: 38.089 Thread 0x000001fbc196e690 DEOPT UNPACKING pc=0x000001fbb11e1702 sp=0x0000004e29bf8428 mode 0
Event: 38.089 Thread 0x000001fbc196e690 DEOPT PACKING pc=0x000001fbaa020184 sp=0x0000004e29bf8d70
Event: 38.089 Thread 0x000001fbc196e690 DEOPT UNPACKING pc=0x000001fbb11e1702 sp=0x0000004e29bf8258 mode 0
Event: 40.282 Thread 0x000001fbc196e690 Uncommon trap: trap_request=0xffffff45 fr.pc=0x000001fbb18102a8 relative=0x0000000000000ca8
Event: 40.282 Thread 0x000001fbc196e690 Uncommon trap: reason=unstable_if action=reinterpret pc=0x000001fbb18102a8 method=java.util.concurrent.ConcurrentHashMap.putVal(Ljava/lang/Object;Ljava/lang/Object;Z)Ljava/lang/Object; @ 245 c2
Event: 40.282 Thread 0x000001fbc196e690 DEOPT PACKING pc=0x000001fbb18102a8 sp=0x0000004e29bf6d10
Event: 40.282 Thread 0x000001fbc196e690 DEOPT UNPACKING pc=0x000001fbb121ef82 sp=0x0000004e29bf6c78 mode 2
Event: 41.112 Thread 0x000001fbc196e690 Uncommon trap: trap_request=0xffffff45 fr.pc=0x000001fbb17af544 relative=0x0000000000000a44
Event: 41.112 Thread 0x000001fbc196e690 Uncommon trap: reason=unstable_if action=reinterpret pc=0x000001fbb17af544 method=java.util.BitSet.previousSetBit(I)I @ 52 c2
Event: 41.112 Thread 0x000001fbc196e690 DEOPT PACKING pc=0x000001fbb17af544 sp=0x0000004e29bf5c50
Event: 41.112 Thread 0x000001fbc196e690 DEOPT UNPACKING pc=0x000001fbb121ef82 sp=0x0000004e29bf5b88 mode 2
Event: 41.112 Thread 0x000001fbc196e690 Uncommon trap: trap_request=0xffffff45 fr.pc=0x000001fbb1768bc4 relative=0x00000000000010c4
Event: 41.112 Thread 0x000001fbc196e690 Uncommon trap: reason=unstable_if action=reinterpret pc=0x000001fbb1768bc4 method=java.util.jar.JarFile.getEntry(Ljava/lang/String;)Ljava/util/zip/ZipEntry; @ 15 c2
Event: 41.112 Thread 0x000001fbc196e690 DEOPT PACKING pc=0x000001fbb1768bc4 sp=0x0000004e29bf5cd0
Event: 41.112 Thread 0x000001fbc196e690 DEOPT UNPACKING pc=0x000001fbb121ef82 sp=0x0000004e29bf5cc8 mode 2

Classes loaded (20 events):
Event: 36.538 Loading class java/lang/invoke/BoundMethodHandle$Species_LI
Event: 36.538 Loading class java/lang/invoke/BoundMethodHandle$Species_LI done
Event: 36.583 Loading class sun/reflect/MagicAccessorImpl
Event: 36.583 Loading class sun/reflect/MagicAccessorImpl done
Event: 37.317 Loading class java/util/function/IntBinaryOperator
Event: 37.317 Loading class java/util/function/IntBinaryOperator done
Event: 37.524 Loading class java/util/BitSet$1BitSetSpliterator
Event: 37.528 Loading class java/util/BitSet$1BitSetSpliterator done
Event: 37.682 Loading class java/util/Collections$SynchronizedRandomAccessList
Event: 37.682 Loading class java/util/Collections$SynchronizedList
Event: 37.683 Loading class java/util/Collections$SynchronizedList done
Event: 37.683 Loading class java/util/Collections$SynchronizedRandomAccessList done
Event: 38.429 Loading class java/util/EmptyStackException
Event: 38.430 Loading class java/util/EmptyStackException done
Event: 40.426 Loading class java/util/concurrent/atomic/AtomicReferenceFieldUpdater
Event: 40.426 Loading class java/util/concurrent/atomic/AtomicReferenceFieldUpdater done
Event: 40.426 Loading class java/util/concurrent/atomic/AtomicReferenceFieldUpdater$AtomicReferenceFieldUpdaterImpl
Event: 40.427 Loading class java/util/concurrent/atomic/AtomicReferenceFieldUpdater$AtomicReferenceFieldUpdaterImpl done
Event: 40.427 Loading class sun/reflect/misc/ReflectUtil
Event: 40.427 Loading class sun/reflect/misc/ReflectUtil done

Classes unloaded (0 events):
No events

Classes redefined (0 events):
No events

Internal exceptions (20 events):
Event: 37.335 Thread 0x000001fbc196e690 Exception <a 'java/lang/ClassNotFoundException'{0x00000000ec02b178}: org/gradle/api/internal/initialization/DefaultScriptHandler_DecoratedBeanInfo> (0x00000000ec02b178) 
thrown [s\open\src\hotspot\share\classfile\systemDictionary.cpp, line 327]
Event: 37.336 Thread 0x000001fbc196e690 Exception <a 'java/lang/ClassNotFoundException'{0x00000000ec038e00}: org/gradle/api/internal/initialization/DefaultScriptHandlerBeanInfo> (0x00000000ec038e00) 
thrown [s\open\src\hotspot\share\classfile\systemDictionary.cpp, line 327]
Event: 37.336 Thread 0x000001fbc196e690 Exception <a 'java/lang/ClassNotFoundException'{0x00000000ec046a58}: org/gradle/api/internal/initialization/DefaultScriptHandlerCustomizer> (0x00000000ec046a58) 
thrown [s\open\src\hotspot\share\classfile\systemDictionary.cpp, line 327]
Event: 37.338 Thread 0x000001fbc196e690 Exception <a 'java/lang/ClassNotFoundException'{0x00000000ec061540}: org/gradle/api/internal/initialization/DefaultScriptHandler_DecoratedCustomizer> (0x00000000ec061540) 
thrown [s\open\src\hotspot\share\classfile\systemDictionary.cpp, line 327]
Event: 37.515 Thread 0x000001fbc196e690 Exception <a 'java/lang/NoSuchMethodError'{0x00000000ebf68840}: 'java.lang.Object java.lang.invoke.DirectMethodHandle$Holder.newInvokeSpecial(java.lang.Object, java.lang.Object, java.lang.Object, java.lang.Object, java.lang.Object, java.lang.Object, java.lang.Object, java.lang.Object, java.lang.Object)'> (0x00000000ebf68840) 
thrown [s\open\src\hotspot\share\interpreter\linkResolver.cpp, line 804]
Event: 37.536 Thread 0x000001fbc196e690 Exception <a 'java/lang/IncompatibleClassChangeError'{0x00000000ebe28dc8}: Found class java.lang.Object, but interface was expected> (0x00000000ebe28dc8) 
thrown [s\open\src\hotspot\share\interpreter\linkResolver.cpp, line 871]
Event: 37.596 Thread 0x000001fbc196e690 Exception <a 'sun/nio/fs/WindowsException'{0x00000000ebd22508}> (0x00000000ebd22508) 
thrown [s\open\src\hotspot\share\prims\jni.cpp, line 516]
Event: 37.599 Thread 0x000001fbc196e690 Exception <a 'sun/nio/fs/WindowsException'{0x00000000ebd23cc0}> (0x00000000ebd23cc0) 
thrown [s\open\src\hotspot\share\prims\jni.cpp, line 516]
Event: 37.599 Thread 0x000001fbc196e690 Exception <a 'sun/nio/fs/WindowsException'{0x00000000ebd25438}> (0x00000000ebd25438) 
thrown [s\open\src\hotspot\share\prims\jni.cpp, line 516]
Event: 37.600 Thread 0x000001fbc196e690 Exception <a 'sun/nio/fs/WindowsException'{0x00000000ebd267f8}> (0x00000000ebd267f8) 
thrown [s\open\src\hotspot\share\prims\jni.cpp, line 516]
Event: 37.651 Thread 0x000001fbc196e690 Exception <a 'java/lang/NoSuchMethodError'{0x00000000ebcc2290}: 'java.lang.Object java.lang.invoke.Invokers$Holder.invoker(java.lang.Object, java.lang.Object, java.lang.Object, java.lang.Object, java.lang.Object, java.lang.Object)'> (0x00000000ebcc2290) 
thrown [s\open\src\hotspot\share\interpreter\linkResolver.cpp, line 804]
Event: 37.674 Thread 0x000001fbc196e690 Exception <a 'java/lang/NoSuchMethodError'{0x00000000ebb4bd20}: 'java.lang.Object java.lang.invoke.Invokers$Holder.invoker(java.lang.Object, java.lang.Object, java.lang.Object, java.lang.Object)'> (0x00000000ebb4bd20) 
thrown [s\open\src\hotspot\share\interpreter\linkResolver.cpp, line 804]
Event: 37.685 Thread 0x000001fbc196e690 Exception <a 'java/lang/NoSuchMethodError'{0x00000000ebb87040}: 'java.lang.Object java.lang.invoke.Invokers$Holder.invoker(java.lang.Object, java.lang.Object, java.lang.Object, java.lang.Object, java.lang.Object, java.lang.Object, java.lang.Object)'> (0x00000000ebb87040) 
thrown [s\open\src\hotspot\share\interpreter\linkResolver.cpp, line 804]
Event: 37.721 Thread 0x000001fbc196e690 Exception <a 'java/lang/NoSuchMethodError'{0x00000000ebbf83f8}: 'java.lang.Object java.lang.invoke.Invokers$Holder.invoker(java.lang.Object, java.lang.Object, java.lang.Object, java.lang.Object, java.lang.Object)'> (0x00000000ebbf83f8) 
thrown [s\open\src\hotspot\share\interpreter\linkResolver.cpp, line 804]
Event: 37.728 Thread 0x000001fbc196e690 Exception <a 'java/lang/NoSuchMethodError'{0x00000000eba360c8}: 'java.lang.Object java.lang.invoke.Invokers$Holder.invoker(java.lang.Object, java.lang.Object, java.lang.Object, java.lang.Object, java.lang.Object, java.lang.Object, java.lang.Object, java.lang.Object, java.lang.Object, java.lang.Object, java.lang.Object, java.lang.Object, java.lang.Object, java.lang.Object, java.lang.Object, java.lang.Object, java.lang.Object, java.lang.Object, java.lang.Object, java.lang.Object, java.lang.Object, java.lang.
Event: 37.729 Thread 0x000001fbc196e690 Exception <a 'java/lang/NoSuchMethodError'{0x00000000eba40ef0}: 'java.lang.Object java.lang.invoke.DelegatingMethodHandle$Holder.delegate(java.lang.Object, java.lang.Object, java.lang.Object, java.lang.Object, java.lang.Object, java.lang.Object, java.lang.Object, java.lang.Object, java.lang.Object, java.lang.Object, java.lang.Object, java.lang.Object, java.lang.Object, java.lang.Object, java.lang.Object, java.lang.Object, java.lang.Object, java.lang.Object, java.lang.Object, java.lang.Object, java.lang.Obj
Event: 38.246 Thread 0x000001fbc196e690 Exception <a 'java/lang/IncompatibleClassChangeError'{0x00000000ea240d30}: Found class java.lang.Object, but interface was expected> (0x00000000ea240d30) 
thrown [s\open\src\hotspot\share\interpreter\linkResolver.cpp, line 871]
Event: 38.274 Thread 0x000001fbc196e690 Exception <a 'java/lang/NoSuchMethodError'{0x00000000ea2c0a48}: 'void java.lang.invoke.DirectMethodHandle$Holder.invokeStatic(java.lang.Object, java.lang.Object, java.lang.Object, java.lang.Object, java.lang.Object, java.lang.Object)'> (0x00000000ea2c0a48) 
thrown [s\open\src\hotspot\share\interpreter\linkResolver.cpp, line 804]
Event: 38.448 Thread 0x000001fbc196e690 Exception <a 'java/lang/NoSuchMethodError'{0x00000000e9f65ad0}: 'java.lang.Object java.lang.invoke.DirectMethodHandle$Holder.invokeStaticInit(java.lang.Object, int)'> (0x00000000e9f65ad0) 
thrown [s\open\src\hotspot\share\interpreter\linkResolver.cpp, line 804]
Event: 38.675 Thread 0x000001fbc196e690 Exception <a 'java/lang/NoSuchMethodError'{0x00000000e9b61e38}: 'int java.lang.invoke.DirectMethodHandle$Holder.invokeStaticInit(java.lang.Object, java.lang.Object, java.lang.Object, java.lang.Object)'> (0x00000000e9b61e38) 
thrown [s\open\src\hotspot\share\interpreter\linkResolver.cpp, line 804]

VM Operations (20 events):
Event: 34.704 Executing non-safepoint VM operation: HandshakeAllThreads (Deoptimize)
Event: 34.704 Executing non-safepoint VM operation: HandshakeAllThreads (Deoptimize) done
Event: 35.185 Executing non-safepoint VM operation: HandshakeAllThreads (Deoptimize)
Event: 35.185 Executing non-safepoint VM operation: HandshakeAllThreads (Deoptimize) done
Event: 35.233 Executing non-safepoint VM operation: HandshakeAllThreads (Deoptimize)
Event: 35.234 Executing non-safepoint VM operation: HandshakeAllThreads (Deoptimize) done
Event: 35.287 Executing non-safepoint VM operation: HandshakeAllThreads (Deoptimize)
Event: 35.288 Executing non-safepoint VM operation: HandshakeAllThreads (Deoptimize) done
Event: 35.481 Executing non-safepoint VM operation: HandshakeAllThreads (Deoptimize)
Event: 35.481 Executing non-safepoint VM operation: HandshakeAllThreads (Deoptimize) done
Event: 37.597 Executing non-safepoint VM operation: HandshakeAllThreads (Deoptimize)
Event: 37.597 Executing non-safepoint VM operation: HandshakeAllThreads (Deoptimize) done
Event: 38.429 Executing non-safepoint VM operation: HandshakeAllThreads (Deoptimize)
Event: 38.429 Executing non-safepoint VM operation: HandshakeAllThreads (Deoptimize) done
Event: 38.445 Executing non-safepoint VM operation: HandshakeAllThreads (Deoptimize)
Event: 38.445 Executing non-safepoint VM operation: HandshakeAllThreads (Deoptimize) done
Event: 38.690 Executing non-safepoint VM operation: HandshakeAllThreads (Deoptimize)
Event: 38.691 Executing non-safepoint VM operation: HandshakeAllThreads (Deoptimize) done
Event: 38.698 Executing non-safepoint VM operation: HandshakeAllThreads (Deoptimize)
Event: 38.699 Executing non-safepoint VM operation: HandshakeAllThreads (Deoptimize) done

Memory protections (0 events):
No events

Nmethod flushes (20 events):
Event: 34.481 Thread 0x000001fba1473b40 flushing  nmethod 0x000001fba9e6f708
Event: 34.481 Thread 0x000001fba1473b40 flushing  nmethod 0x000001fba9e71808
Event: 34.481 Thread 0x000001fba1473b40 flushing  nmethod 0x000001fba9eda508
Event: 34.481 Thread 0x000001fba1473b40 flushing  nmethod 0x000001fba9ef8e08
Event: 34.481 Thread 0x000001fba1473b40 flushing  nmethod 0x000001fba9ef9c08
Event: 34.481 Thread 0x000001fba1473b40 flushing  nmethod 0x000001fba9efb488
Event: 34.481 Thread 0x000001fba1473b40 flushing  nmethod 0x000001fba9f5c288
Event: 34.481 Thread 0x000001fba1473b40 flushing  nmethod 0x000001fba9f5c588
Event: 34.481 Thread 0x000001fba1473b40 flushing  nmethod 0x000001fba9f6bf08
Event: 34.481 Thread 0x000001fba1473b40 flushing  nmethod 0x000001fba9f6e508
Event: 34.481 Thread 0x000001fba1473b40 flushing  nmethod 0x000001fba9fcf508
Event: 34.481 Thread 0x000001fba1473b40 flushing  nmethod 0x000001fba9fcf888
Event: 34.481 Thread 0x000001fba1473b40 flushing  nmethod 0x000001fba9fd0908
Event: 34.481 Thread 0x000001fba1473b40 flushing  nmethod 0x000001fba9ffb588
Event: 34.481 Thread 0x000001fba1473b40 flushing  nmethod 0x000001fbaa003608
Event: 34.481 Thread 0x000001fba1473b40 flushing  nmethod 0x000001fbaa004f88
Event: 34.481 Thread 0x000001fba1473b40 flushing  nmethod 0x000001fbaa005688
Event: 34.481 Thread 0x000001fba1473b40 flushing  nmethod 0x000001fbaa03f608
Event: 34.481 Thread 0x000001fba1473b40 flushing  nmethod 0x000001fbaa040b08
Event: 34.481 Thread 0x000001fba1473b40 flushing  nmethod 0x000001fbaa12ef88

Events (20 events):
Event: 15.074 Thread 0x000001fbc196e690 Thread added: 0x000001fbc196f630
Event: 15.080 Thread 0x000001fbc196e690 Thread added: 0x000001fbc196c750
Event: 19.620 Thread 0x000001fbc196e690 Thread added: 0x000001fbc19705d0
Event: 19.681 Thread 0x000001fbc196e690 Thread added: 0x000001fbc1971d40
Event: 20.102 Thread 0x000001fbc196e690 Thread added: 0x000001fbc1bc6d50
Event: 21.062 Thread 0x000001fbbbbc1da0 Thread added: 0x000001fbc17b3330
Event: 22.395 Thread 0x000001fbc1971d40 Thread added: 0x000001fbc1bc9460
Event: 23.129 Thread 0x000001fbc17b3330 Thread exited: 0x000001fbc17b3330
Event: 25.325 Thread 0x000001fbc196e690 Thread added: 0x000001fbc1bc4e10
Event: 25.386 Thread 0x000001fbc196e690 Thread added: 0x000001fbc1bc8c90
Event: 26.277 Thread 0x000001fbc196e690 Thread added: 0x000001fbc1bc9c30
Event: 26.309 Thread 0x000001fbc196e690 Thread added: 0x000001fbc1bcbb70
Event: 26.665 Thread 0x000001fbc196e690 Thread added: 0x000001fbc1bcc340
Event: 26.665 Thread 0x000001fbc196e690 Thread added: 0x000001fbc1bcabd0
Event: 26.666 Thread 0x000001fbc196e690 Thread added: 0x000001fbc212b1f0
Event: 30.188 Thread 0x000001fbc196e690 Thread added: 0x000001fbc212d130
Event: 30.577 Thread 0x000001fbc196e690 Thread added: 0x000001fbc212a250
Event: 31.760 Thread 0x000001fbc196e690 Thread added: 0x000001fbc212aa20
Event: 32.536 Thread 0x000001fbc196e690 Thread added: 0x000001fbc212e8a0
Event: 33.178 Thread 0x000001fbc196e690 Thread added: 0x000001fbc212f070


Dynamic libraries:
0x00007ff6f9030000 - 0x00007ff6f9040000 	C:\Program Files\Java\jdk-25.0.2\bin\java.exe
0x00007fff87840000 - 0x00007fff87aa6000 	C:\WINDOWS\SYSTEM32\ntdll.dll
0x00007fff3fee0000 - 0x00007fff3ff01000 	C:\Program Files\Avast Software\Avast\aswhook.dll
0x00007fff864e0000 - 0x00007fff865a9000 	C:\WINDOWS\System32\KERNEL32.DLL
0x00007fff84fb0000 - 0x00007fff853ae000 	C:\WINDOWS\System32\KERNELBASE.dll
0x00007fff84c60000 - 0x00007fff84dac000 	C:\WINDOWS\System32\ucrtbase.dll
0x00007fff4e240000 - 0x00007fff4e257000 	C:\Program Files\Java\jdk-25.0.2\bin\jli.dll
0x00007fff859d0000 - 0x00007fff85b97000 	C:\WINDOWS\System32\USER32.dll
0x00007fff85540000 - 0x00007fff85567000 	C:\WINDOWS\System32\win32u.dll
0x00007fff875a0000 - 0x00007fff875cb000 	C:\WINDOWS\System32\GDI32.dll
0x00007fff84e80000 - 0x00007fff84faa000 	C:\WINDOWS\System32\gdi32full.dll
0x00007fff84af0000 - 0x00007fff84b93000 	C:\WINDOWS\System32\msvcp_win.dll
0x00007fff4e220000 - 0x00007fff4e23e000 	C:\Program Files\Java\jdk-25.0.2\bin\VCRUNTIME140.dll
0x00007fff5ef90000 - 0x00007fff5f222000 	C:\WINDOWS\WinSxS\amd64_microsoft.windows.common-controls_6595b64144ccf1df_6.0.26100.8875_none_3e0d5d42e32fe9dd\COMCTL32.dll
0x00007fff86430000 - 0x00007fff864d9000 	C:\WINDOWS\System32\msvcrt.dll
0x00007fff86c20000 - 0x00007fff86c52000 	C:\WINDOWS\System32\IMM32.DLL
0x00007fff49650000 - 0x00007fff4965c000 	C:\Program Files\Java\jdk-25.0.2\bin\vcruntime140_1.dll
0x00007fff00060000 - 0x00007fff000ed000 	C:\Program Files\Java\jdk-25.0.2\bin\msvcp140.dll
0x00007ffebbc10000 - 0x00007ffebca6f000 	C:\Program Files\Java\jdk-25.0.2\bin\server\jvm.dll
0x00007fff86aa0000 - 0x00007fff86b57000 	C:\WINDOWS\System32\ADVAPI32.dll
0x00007fff862d0000 - 0x00007fff8637a000 	C:\WINDOWS\System32\sechost.dll
0x00007fff861a0000 - 0x00007fff862b8000 	C:\WINDOWS\System32\RPCRT4.dll
0x00007fff86b90000 - 0x00007fff86c10000 	C:\WINDOWS\System32\WS2_32.dll
0x00007fff848e0000 - 0x00007fff8493e000 	C:\WINDOWS\SYSTEM32\POWRPROF.dll
0x00007fff6a220000 - 0x00007fff6a256000 	C:\WINDOWS\SYSTEM32\WINMM.dll
0x00007fff70a30000 - 0x00007fff70a3b000 	C:\WINDOWS\SYSTEM32\VERSION.dll
0x00007fff848c0000 - 0x00007fff848d4000 	C:\WINDOWS\SYSTEM32\UMPDC.dll
0x00007fff83700000 - 0x00007fff8371b000 	C:\WINDOWS\SYSTEM32\kernel.appcore.dll
0x00007fff4e260000 - 0x00007fff4e26a000 	C:\Program Files\Java\jdk-25.0.2\bin\jimage.dll
0x00007fff81f70000 - 0x00007fff821b2000 	C:\WINDOWS\SYSTEM32\DBGHELP.DLL
0x00007fff85d30000 - 0x00007fff860b3000 	C:\WINDOWS\System32\combase.dll
0x00007fff86c60000 - 0x00007fff86d39000 	C:\WINDOWS\System32\OLEAUT32.dll
0x00007fff70240000 - 0x00007fff7027b000 	C:\WINDOWS\SYSTEM32\dbgcore.DLL
0x00007fff84ba0000 - 0x00007fff84c4c000 	C:\WINDOWS\System32\bcryptPrimitives.dll
0x00007fff47a70000 - 0x00007fff47a80000 	C:\Program Files\Java\jdk-25.0.2\bin\instrument.dll
0x00007fff30f20000 - 0x00007fff30f3f000 	C:\Program Files\Java\jdk-25.0.2\bin\java.dll
0x00007fff875d0000 - 0x00007fff87769000 	C:\WINDOWS\System32\ole32.dll
0x00007fff86d40000 - 0x00007fff874d2000 	C:\WINDOWS\System32\SHELL32.dll
0x00007fff824d0000 - 0x00007fff82d62000 	C:\WINDOWS\SYSTEM32\windows.storage.dll
0x00007fff856f0000 - 0x00007fff857e7000 	C:\WINDOWS\System32\SHCORE.dll
0x00007fff85bc0000 - 0x00007fff85c27000 	C:\WINDOWS\System32\shlwapi.dll
0x00007fff84980000 - 0x00007fff849a9000 	C:\WINDOWS\SYSTEM32\profapi.dll
0x00007fff30f00000 - 0x00007fff30f17000 	C:\Program Files\Java\jdk-25.0.2\bin\zip.dll
0x00007fff1ed10000 - 0x00007fff1ed22000 	C:\Program Files\Java\jdk-25.0.2\bin\net.dll
0x00007fff83cb0000 - 0x00007fff83d1c000 	C:\WINDOWS\system32\mswsock.dll
0x00007fff1cd60000 - 0x00007fff1cd76000 	C:\Program Files\Java\jdk-25.0.2\bin\nio.dll
0x00007fff3ffa0000 - 0x00007fff3ffb0000 	C:\Program Files\Java\jdk-25.0.2\bin\verify.dll
0x00007fff1f7e0000 - 0x00007fff1f807000 	C:\Users\LIZBETH\.gradle\native\c067742578af261105cb4f569cf0c3c89f3d7b1fecec35dd04571415982c5e48\windows-amd64\native-platform.dll
0x00007ffee7750000 - 0x00007ffee7894000 	C:\Users\LIZBETH\.gradle\native\100fb08df4bc3b14c8652ba06237920a3bd2aa13389f12d3474272988ae205f9\windows-amd64\native-platform-file-events.dll
0x00007fff3fac0000 - 0x00007fff3faca000 	C:\Program Files\Java\jdk-25.0.2\bin\management.dll
0x00007fff38fa0000 - 0x00007fff38fac000 	C:\Program Files\Java\jdk-25.0.2\bin\management_ext.dll
0x00007fff862c0000 - 0x00007fff862c8000 	C:\WINDOWS\System32\PSAPI.DLL
0x00007fff83ff0000 - 0x00007fff8400b000 	C:\WINDOWS\SYSTEM32\CRYPTSP.dll
0x00007fff83660000 - 0x00007fff83699000 	C:\WINDOWS\system32\rsaenh.dll
0x00007fff83d90000 - 0x00007fff83dc2000 	C:\WINDOWS\SYSTEM32\USERENV.dll
0x00007fff84950000 - 0x00007fff8497a000 	C:\WINDOWS\SYSTEM32\bcrypt.dll
0x00007fff84010000 - 0x00007fff8401c000 	C:\WINDOWS\SYSTEM32\CRYPTBASE.dll
0x00007fff830a0000 - 0x00007fff830d3000 	C:\WINDOWS\SYSTEM32\IPHLPAPI.DLL
0x00007fff87770000 - 0x00007fff8777a000 	C:\WINDOWS\System32\NSI.dll
0x00007fff30ef0000 - 0x00007fff30ef9000 	C:\Program Files\Java\jdk-25.0.2\bin\extnet.dll
0x00007fff259a0000 - 0x00007fff259ae000 	C:\Program Files\Java\jdk-25.0.2\bin\sunmscapi.dll
0x00007fff853c0000 - 0x00007fff85538000 	C:\WINDOWS\System32\CRYPT32.dll
0x00007fff841b0000 - 0x00007fff841e0000 	C:\WINDOWS\SYSTEM32\ncrypt.dll
0x00007fff84160000 - 0x00007fff8419f000 	C:\WINDOWS\SYSTEM32\NTASN1.dll
0x00007fff36f40000 - 0x00007fff36f48000 	C:\WINDOWS\system32\wshunix.dll

JVMTI agents:
C:\Users\LIZBETH\.gradle\wrapper\dists\gradle-8.9-bin\90cnw93cvbtalezasaz0blq0a\gradle-8.9\lib\agents\gradle-instrumentation-agent-8.9.jar path:C:\Program Files\Java\jdk-25.0.2\bin\instrument.dll, loaded, initialized, instrumentlib options:none

dbghelp: loaded successfully - version: 4.0.5 - missing functions: none
symbol engine: initialized successfully - sym options: 0x614 - pdb path: .;C:\Program Files\Java\jdk-25.0.2\bin;C:\WINDOWS\SYSTEM32;C:\Program Files\Avast Software\Avast;C:\WINDOWS\WinSxS\amd64_microsoft.windows.common-controls_6595b64144ccf1df_6.0.26100.8875_none_3e0d5d42e32fe9dd;C:\Program Files\Java\jdk-25.0.2\bin\server;C:\Users\LIZBETH\.gradle\native\c067742578af261105cb4f569cf0c3c89f3d7b1fecec35dd04571415982c5e48\windows-amd64;C:\Users\LIZBETH\.gradle\native\100fb08df4bc3b14c8652ba06237920a3bd2aa13389f12d3474272988ae205f9\windows-amd64

VM Arguments:
jvm_args: --add-opens=java.base/java.util=ALL-UNNAMED --add-opens=java.base/java.lang=ALL-UNNAMED --add-opens=java.base/java.lang.invoke=ALL-UNNAMED --add-opens=java.prefs/java.util.prefs=ALL-UNNAMED --add-exports=jdk.compiler/com.sun.tools.javac.api=ALL-UNNAMED --add-exports=jdk.compiler/com.sun.tools.javac.util=ALL-UNNAMED --add-opens=java.base/java.nio.charset=ALL-UNNAMED --add-opens=java.base/java.net=ALL-UNNAMED --add-opens=java.base/java.util.concurrent.atomic=ALL-UNNAMED -XX:MaxMetaspaceSize=384m -XX:+HeapDumpOnOutOfMemoryError -Xms256m -Xmx512m -Dfile.encoding=utf8 -Duser.country=US -Duser.language=en -Duser.variant -javaagent:C:\Users\LIZBETH\.gradle\wrapper\dists\gradle-8.9-bin\90cnw93cvbtalezasaz0blq0a\gradle-8.9\lib\agents\gradle-instrumentation-agent-8.9.jar 
java_command: org.gradle.launcher.daemon.bootstrap.GradleDaemon 8.9
java_class_path (initial): C:\Users\LIZBETH\.gradle\wrapper\dists\gradle-8.9-bin\90cnw93cvbtalezasaz0blq0a\gradle-8.9\lib\gradle-daemon-main-8.9.jar
Launcher Type: SUN_STANDARD

[Global flags]
     intx CICompilerCount                          = 3                                         {product} {ergonomic}
   size_t CompressedClassSpaceSize                 = 335544320                                 {product} {ergonomic}
     uint ConcGCThreads                            = 1                                         {product} {ergonomic}
     uint G1ConcRefinementThreads                  = 4                                         {product} {ergonomic}
   size_t G1HeapRegionSize                         = 1048576                                   {product} {ergonomic}
     bool HeapDumpOnOutOfMemoryError               = true                                   {manageable} {command line}
   size_t InitialHeapSize                          = 268435456                                 {product} {command line}
   size_t MarkStackSize                            = 4194304                                   {product} {ergonomic}
   size_t MarkStackSizeMax                         = 536870912                                 {product} {ergonomic}
   size_t MaxHeapSize                              = 536870912                                 {product} {command line}
   size_t MaxMetaspaceSize                         = 402653184                                 {product} {command line}
   size_t MaxNewSize                               = 321912832                                 {product} {ergonomic}
   size_t MinHeapDeltaBytes                        = 1048576                                   {product} {ergonomic}
   size_t MinHeapSize                              = 268435456                                 {product} {command line}
    uintx NonNMethodCodeHeapSize                   = 5832704                                {pd product} {ergonomic}
    uintx NonProfiledCodeHeapSize                  = 122945536                              {pd product} {ergonomic}
    uintx ProfiledCodeHeapSize                     = 122880000                              {pd product} {ergonomic}
    uintx ReservedCodeCacheSize                    = 251658240                              {pd product} {ergonomic}
     bool SegmentedCodeCache                       = true                                      {product} {ergonomic}
   size_t SoftMaxHeapSize                          = 536870912                              {manageable} {ergonomic}
     bool UseCompressedOops                        = true                           {product lp64_product} {ergonomic}
     bool UseG1GC                                  = true                                      {product} {ergonomic}
     bool UseLargePagesIndividualAllocation        = false                                  {pd product} {ergonomic}

Logging:
Log output configuration:
 #0: stdout all=warning uptime,level,tags foldmultilines=false
 #1: stderr all=off uptime,level,tags foldmultilines=false

Release file:
IMPLEMENTOR="Oracle Corporation" 
JAVA_RUNTIME_VERSION="25.0.2+10-LTS-69" 
JAVA_VERSION="25.0.2" 
JAVA_VERSION_DATE="2026-01-20" 
LIBC="default" 
MODULES="java.base java.compiler java.datatransfer java.xml java.prefs java.desktop java.instrument java.logging java.management java.security.sasl java.naming java.rmi java.management.rmi java.net.http java.scripting java.security.jgss java.transaction.xa java.sql java.sql.rowset java.xml.crypto java.se java.smartcardio jdk.accessibility jdk.internal.jvmstat jdk.attach jdk.charsets jdk.internal.opt jdk.zipfs jdk.compiler jdk.crypto.cryptoki jdk.crypto.ec jdk.crypto.mscapi jdk.dynalink jdk.internal.ed jdk.editpad jdk.internal.vm.ci jdk.graal.compiler jdk.graal.compiler.management jdk.hotspot.agent jdk.httpserver jdk.incubator.vector jdk.internal.le jdk.internal.md jdk.jartool jdk.javadoc jdk.jcmd jdk.management jdk.management.agent jdk.jconsole jdk.jdeps jdk.jdwp.agent jdk.jdi jdk.jfr jdk.jlink jdk.jpackage jdk.jshell jdk.jsobject jdk.jstatd jdk.localedata jdk.management.jfr jdk.naming.dns jdk.naming.rmi jdk.net jdk.nio.mapmode jdk.sctp jdk.security.auth jdk.security.jgss jdk.unsupported jdk.unsupported.desktop jdk.xml.dom" 
OS_ARCH="x86_64" 
OS_NAME="Windows" 
SOURCE=".:git:b75efb40c93a open:git:405a5699ebd0" 

Environment Variables:
PATH=C:\Program Files\Common Files\Oracle\Java\javapath;C:\Program Files (x86)\Common Files\Intel\Shared Libraries\redist\intel64_win\compiler;C:\WINDOWS\system32;C:\WINDOWS;C:\WINDOWS\System32\Wbem;C:\WINDOWS\System32\WindowsPowerShell\v1.0\;C:\WINDOWS\System32\OpenSSH\;C:\Program Files (x86)\Intel\Intel(R) Management Engine Components\DAL;C:\Program Files\Intel\Intel(R) Management Engine Components\DAL;C:\Program Files\Microsoft\Web Platform Installer\;C:\Program Files (x86)\Microsoft ASP.NET\ASP.NET Web Pages\v1.0\;C:\Program Files\Microsoft SQL Server\Client SDK\ODBC\170\Tools\Binn\;C:\Program Files (x86)\dotnet\;C:\WINDOWS\system32;C:\WINDOWS;C:\WINDOWS\System32\Wbem;C:\WINDOWS\System32\WindowsPowerShell\v1.0\;C:\WINDOWS\System32\OpenSSH\;C:\Program Files\dotnet\;C:\Program Files\nodejs\;C:\Program Files\Git\cmd;C:\Program Files\Java\jdk-25.0.2;C:\Users\LIZBETH\AppData\Local\Programs\Python\Python311\Scripts\;C:\Users\LIZBETH\AppData\Local\Programs\Python\Python311\;C:\Users\LIZBETH\.local\bin;C:\Users\LIZBETH\.cargo\bin;C:\Users\LIZBETH\AppData\Local\Microsoft\WindowsApps;C:\Users\LIZBETH\AppData\Local\Packages\PythonSoftwareFoundation.Python.3.8_qbz5n2kfra8p0\LocalCache\local-packages\Python38\Scripts;C:\Users\LIZBETH\AppData\Local\Programs\Microsoft VS Code\bin;C:\Program Files\Azure Data Studio\bin;C:\Users\LIZBETH\AppData\Roaming\npm;C:\Users\LIZBETH\AppData\Local\Programs\Antigravity\bin;C:\Users\LIZBETH\AppData\Local\Programs\Antigravity IDE\bin;C:\Users\LIZBETH\AppData\Local\Microsoft\WinGet\Links
USERNAME=LIZBETH
OS=Windows_NT
PROCESSOR_IDENTIFIER=Intel64 Family 6 Model 142 Stepping 11, GenuineIntel
TMP=C:\Users\LIZBETH\AppData\Local\Temp
TEMP=C:\Users\LIZBETH\AppData\Local\Temp




Compilation memory statistics disabled.

Periodic native trim disabled

---------------  S Y S T E M  ---------------

OS:
 Windows 11 , 64 bit Build 26100 (10.0.26100.8875)
OS uptime: 0 days 22:37 hours
Hyper-V role detected

CPU: total 4 (initial active 4) (2 cores per cpu, 2 threads per core) family 6 model 142 stepping 11 microcode 0xde, cx8, cmov, fxsr, ht, mmx, 3dnowpref, sse, sse2, sse3, ssse3, sse4.1, sse4.2, popcnt, lzcnt, tsc, tscinvbit, avx, avx2, aes, erms, clmul, bmi1, bmi2, adx, fma, vzeroupper, clflush, clflushopt, hv, rdtscp, f16c
Processor Information for the first 4 processors :
  Max Mhz: 2304, Current Mhz: 2103, Mhz Limit: 2096

Memory: 4k page, system-wide physical 8013M (171M free)
TotalPageFile size 14925M (AvailPageFile size 71M)
current process WorkingSet (physical memory assigned to process): 315M, peak: 316M
current process commit charge ("private bytes"): 435M, peak: 446M

vm_info: Java HotSpot(TM) 64-Bit Server VM (25.0.2+10-LTS-69) for windows-amd64 JRE (25.0.2+10-LTS-69), built on 2025-12-18T11:36:35Z with MS VC++ 17.13 (VS2022)

END.
